Archive member included to satisfy reference by file (symbol)

c:/ac6/systemworkbench/plugins/fr.ac6.mcu.externaltools.arm-none.win32_1.16.0.201807130628/tools/compiler/bin/../lib/gcc/arm-none-eabi/7.2.1/../../../../arm-none-eabi/lib/thumb/v7e-m/fpv4-sp/hard\libc.a(lib_a-errno.o)
                              src/syscalls.o (__errno)
c:/ac6/systemworkbench/plugins/fr.ac6.mcu.externaltools.arm-none.win32_1.16.0.201807130628/tools/compiler/bin/../lib/gcc/arm-none-eabi/7.2.1/../../../../arm-none-eabi/lib/thumb/v7e-m/fpv4-sp/hard\libc.a(lib_a-exit.o)
                              c:/ac6/systemworkbench/plugins/fr.ac6.mcu.externaltools.arm-none.win32_1.16.0.201807130628/tools/compiler/bin/../lib/gcc/arm-none-eabi/7.2.1/../../../../arm-none-eabi/lib/thumb/v7e-m/fpv4-sp/hard/crt0.o (exit)
c:/ac6/systemworkbench/plugins/fr.ac6.mcu.externaltools.arm-none.win32_1.16.0.201807130628/tools/compiler/bin/../lib/gcc/arm-none-eabi/7.2.1/../../../../arm-none-eabi/lib/thumb/v7e-m/fpv4-sp/hard\libc.a(lib_a-impure.o)
                              c:/ac6/systemworkbench/plugins/fr.ac6.mcu.externaltools.arm-none.win32_1.16.0.201807130628/tools/compiler/bin/../lib/gcc/arm-none-eabi/7.2.1/../../../../arm-none-eabi/lib/thumb/v7e-m/fpv4-sp/hard\libc.a(lib_a-exit.o) (_global_impure_ptr)
c:/ac6/systemworkbench/plugins/fr.ac6.mcu.externaltools.arm-none.win32_1.16.0.201807130628/tools/compiler/bin/../lib/gcc/arm-none-eabi/7.2.1/../../../../arm-none-eabi/lib/thumb/v7e-m/fpv4-sp/hard\libc.a(lib_a-init.o)
                              c:/ac6/systemworkbench/plugins/fr.ac6.mcu.externaltools.arm-none.win32_1.16.0.201807130628/tools/compiler/bin/../lib/gcc/arm-none-eabi/7.2.1/../../../../arm-none-eabi/lib/thumb/v7e-m/fpv4-sp/hard/crt0.o (__libc_init_array)
c:/ac6/systemworkbench/plugins/fr.ac6.mcu.externaltools.arm-none.win32_1.16.0.201807130628/tools/compiler/bin/../lib/gcc/arm-none-eabi/7.2.1/../../../../arm-none-eabi/lib/thumb/v7e-m/fpv4-sp/hard\libc.a(lib_a-memcpy.o)
                              src/main.o (memcpy)
c:/ac6/systemworkbench/plugins/fr.ac6.mcu.externaltools.arm-none.win32_1.16.0.201807130628/tools/compiler/bin/../lib/gcc/arm-none-eabi/7.2.1/../../../../arm-none-eabi/lib/thumb/v7e-m/fpv4-sp/hard\libc.a(lib_a-memset.o)
                              c:/ac6/systemworkbench/plugins/fr.ac6.mcu.externaltools.arm-none.win32_1.16.0.201807130628/tools/compiler/bin/../lib/gcc/arm-none-eabi/7.2.1/../../../../arm-none-eabi/lib/thumb/v7e-m/fpv4-sp/hard/crt0.o (memset)
c:/ac6/systemworkbench/plugins/fr.ac6.mcu.externaltools.arm-none.win32_1.16.0.201807130628/tools/compiler/bin/../lib/gcc/arm-none-eabi/7.2.1/../../../../arm-none-eabi/lib/thumb/v7e-m/fpv4-sp/hard\libc.a(lib_a-sprintf.o)
                              src/main.o (sprintf)
c:/ac6/systemworkbench/plugins/fr.ac6.mcu.externaltools.arm-none.win32_1.16.0.201807130628/tools/compiler/bin/../lib/gcc/arm-none-eabi/7.2.1/../../../../arm-none-eabi/lib/thumb/v7e-m/fpv4-sp/hard\libc.a(lib_a-sscanf.o)
                              src/main.o (sscanf)
c:/ac6/systemworkbench/plugins/fr.ac6.mcu.externaltools.arm-none.win32_1.16.0.201807130628/tools/compiler/bin/../lib/gcc/arm-none-eabi/7.2.1/../../../../arm-none-eabi/lib/thumb/v7e-m/fpv4-sp/hard\libc.a(lib_a-stdio.o)
                              c:/ac6/systemworkbench/plugins/fr.ac6.mcu.externaltools.arm-none.win32_1.16.0.201807130628/tools/compiler/bin/../lib/gcc/arm-none-eabi/7.2.1/../../../../arm-none-eabi/lib/thumb/v7e-m/fpv4-sp/hard\libc.a(lib_a-sscanf.o) (__seofread)
c:/ac6/systemworkbench/plugins/fr.ac6.mcu.externaltools.arm-none.win32_1.16.0.201807130628/tools/compiler/bin/../lib/gcc/arm-none-eabi/7.2.1/../../../../arm-none-eabi/lib/thumb/v7e-m/fpv4-sp/hard\libc.a(lib_a-strlen.o)
                              c:/ac6/systemworkbench/plugins/fr.ac6.mcu.externaltools.arm-none.win32_1.16.0.201807130628/tools/compiler/bin/../lib/gcc/arm-none-eabi/7.2.1/../../../../arm-none-eabi/lib/thumb/v7e-m/fpv4-sp/hard\libc.a(lib_a-sscanf.o) (strlen)
c:/ac6/systemworkbench/plugins/fr.ac6.mcu.externaltools.arm-none.win32_1.16.0.201807130628/tools/compiler/bin/../lib/gcc/arm-none-eabi/7.2.1/../../../../arm-none-eabi/lib/thumb/v7e-m/fpv4-sp/hard\libc.a(lib_a-svfprintf.o)
                              c:/ac6/systemworkbench/plugins/fr.ac6.mcu.externaltools.arm-none.win32_1.16.0.201807130628/tools/compiler/bin/../lib/gcc/arm-none-eabi/7.2.1/../../../../arm-none-eabi/lib/thumb/v7e-m/fpv4-sp/hard\libc.a(lib_a-sprintf.o) (_svfprintf_r)
c:/ac6/systemworkbench/plugins/fr.ac6.mcu.externaltools.arm-none.win32_1.16.0.201807130628/tools/compiler/bin/../lib/gcc/arm-none-eabi/7.2.1/../../../../arm-none-eabi/lib/thumb/v7e-m/fpv4-sp/hard\libc.a(lib_a-svfscanf.o)
                              c:/ac6/systemworkbench/plugins/fr.ac6.mcu.externaltools.arm-none.win32_1.16.0.201807130628/tools/compiler/bin/../lib/gcc/arm-none-eabi/7.2.1/../../../../arm-none-eabi/lib/thumb/v7e-m/fpv4-sp/hard\libc.a(lib_a-sscanf.o) (__ssvfscanf_r)
[...]
Memory Configuration

Name             Origin             Length             Attributes
RAM              0x20000000         0x00020000         xrw
ROM              0x08000000         0x00100000         xr
*default*        0x00000000         0xffffffff

Linker script and memory map

LOAD c:/ac6/systemworkbench/plugins/fr.ac6.mcu.externaltools.arm-none.win32_1.16.0.201807130628/tools/compiler/bin/../lib/gcc/arm-none-eabi/7.2.1/thumb/v7e-m/fpv4-sp/hard/crti.o
LOAD c:/ac6/systemworkbench/plugins/fr.ac6.mcu.externaltools.arm-none.win32_1.16.0.201807130628/tools/compiler/bin/../lib/gcc/arm-none-eabi/7.2.1/thumb/v7e-m/fpv4-sp/hard/crtbegin.o
LOAD c:/ac6/systemworkbench/plugins/fr.ac6.mcu.externaltools.arm-none.win32_1.16.0.201807130628/tools/compiler/bin/../lib/gcc/arm-none-eabi/7.2.1/../../../../arm-none-eabi/lib/thumb/v7e-m/fpv4-sp/hard/crt0.o
LOAD StdPeriph_Driver/src/misc.o
LOAD StdPeriph_Driver/src/stm32f4xx_adc.o
LOAD StdPeriph_Driver/src/stm32f4xx_can.o
LOAD StdPeriph_Driver/src/stm32f4xx_cec.o
LOAD StdPeriph_Driver/src/stm32f4xx_crc.o
LOAD StdPeriph_Driver/src/stm32f4xx_cryp.o
LOAD StdPeriph_Driver/src/stm32f4xx_cryp_aes.o
LOAD StdPeriph_Driver/src/stm32f4xx_cryp_des.o
LOAD StdPeriph_Driver/src/stm32f4xx_cryp_tdes.o
LOAD StdPeriph_Driver/src/stm32f4xx_dac.o
LOAD StdPeriph_Driver/src/stm32f4xx_dbgmcu.o
LOAD StdPeriph_Driver/src/stm32f4xx_dcmi.o
LOAD StdPeriph_Driver/src/stm32f4xx_dfsdm.o
LOAD StdPeriph_Driver/src/stm32f4xx_dma.o
LOAD StdPeriph_Driver/src/stm32f4xx_dma2d.o
LOAD StdPeriph_Driver/src/stm32f4xx_dsi.o
LOAD StdPeriph_Driver/src/stm32f4xx_exti.o
LOAD StdPeriph_Driver/src/stm32f4xx_flash.o
LOAD StdPeriph_Driver/src/stm32f4xx_flash_ramfunc.o
LOAD StdPeriph_Driver/src/stm32f4xx_fmc.o
LOAD StdPeriph_Driver/src/stm32f4xx_fmip2c.o
LOAD StdPeriph_Driver/src/stm32f4xx_fsmc.o
LOAD StdPeriph_Driver/src/stm32f4xx_gpio.o
LOAD StdPeriph_Driver/src/stm32f4xx_hash.o
LOAD StdPeriph_Driver/src/stm32f4xx_hash_md5.o
LOAD StdPeriph_Driver/src/stm32f4xx_hash_sha1.o
LOAD StdPeriph_Driver/src/stm32f4xx_i2c.o
LOAD StdPeriph_Driver/src/stm32f4xx_iwdg.o
LOAD StdPeriph_Driver/src/stm32f4xx_lptim.o
LOAD StdPeriph_Driver/src/stm32f4xx_ltdc.o
LOAD StdPeriph_Driver/src/stm32f4xx_pwr.o
LOAD StdPeriph_Driver/src/stm32f4xx_qspi.o
LOAD StdPeriph_Driver/src/stm32f4xx_rcc.o
LOAD StdPeriph_Driver/src/stm32f4xx_rng.o
LOAD StdPeriph_Driver/src/stm32f4xx_rtc.o
LOAD StdPeriph_Driver/src/stm32f4xx_sai.o
LOAD StdPeriph_Driver/src/stm32f4xx_sdio.o
LOAD StdPeriph_Driver/src/stm32f4xx_spdifrx.o
LOAD StdPeriph_Driver/src/stm32f4xx_spi.o
LOAD StdPeriph_Driver/src/stm32f4xx_syscfg.o
LOAD StdPeriph_Driver/src/stm32f4xx_tim.o
LOAD StdPeriph_Driver/src/stm32f4xx_usart.o
LOAD StdPeriph_Driver/src/stm32f4xx_wwdg.o
LOAD src/main.o
LOAD src/syscalls.o
LOAD src/system_stm32f4xx.o
LOAD src/tm_stm32f4_gpio.o
LOAD src/tm_stm32f4_usart.o
LOAD startup/startup_stm32.o
LOAD c:/ac6/systemworkbench/plugins/fr.ac6.mcu.externaltools.arm-none.win32_1.16.0.201807130628/tools/compiler/bin/../lib/gcc/arm-none-eabi/7.2.1/../../../../arm-none-eabi/lib/thumb/v7e-m/fpv4-sp/hard\libm.a
START GROUP
LOAD c:/ac6/systemworkbench/plugins/fr.ac6.mcu.externaltools.arm-none.win32_1.16.0.201807130628/tools/compiler/bin/../lib/gcc/arm-none-eabi/7.2.1/thumb/v7e-m/fpv4-sp/hard\libgcc.a
LOAD c:/ac6/systemworkbench/plugins/fr.ac6.mcu.externaltools.arm-none.win32_1.16.0.201807130628/tools/compiler/bin/../lib/gcc/arm-none-eabi/7.2.1/../../../../arm-none-eabi/lib/thumb/v7e-m/fpv4-sp/hard\libc.a
END GROUP
LOAD c:/ac6/systemworkbench/plugins/fr.ac6.mcu.externaltools.arm-none.win32_1.16.0.201807130628/tools/compiler/bin/../lib/gcc/arm-none-eabi/7.2.1/thumb/v7e-m/fpv4-sp/hard/crtend.o
LOAD c:/ac6/systemworkbench/plugins/fr.ac6.mcu.externaltools.arm-none.win32_1.16.0.201807130628/tools/compiler/bin/../lib/gcc/arm-none-eabi/7.2.1/thumb/v7e-m/fpv4-sp/hard/crtn.o
                0x20020000                _estack = 0x20020000
                0x00000000                _Min_Heap_Size = 0x0
                0x00000400                _Min_Stack_Size = 0x400

.isr_vector     0x08000000      0x1a8
                0x08000000                . = ALIGN (0x4)
 *(.isr_vector)
 .isr_vector    0x08000000      0x1a8 startup/startup_stm32.o
                0x08000000                g_pfnVectors
                0x080001a8                . = ALIGN (0x4)

.text           0x080001c0     0xa650
                0x080001c0                . = ALIGN (0x4)
 *(.text)
 .text          0x080001c0       0x40 c:/ac6/systemworkbench/plugins/fr.ac6.mcu.externaltools.arm-none.win32_1.16.0.201807130628/tools/compiler/bin/../lib/gcc/arm-none-eabi/7.2.1/thumb/v7e-m/fpv4-sp/hard/crtbegin.o
 .text          0x08000200      0x134 c:/ac6/systemworkbench/plugins/fr.ac6.mcu.externaltools.arm-none.win32_1.16.0.201807130628/tools/compiler/bin/../lib/gcc/arm-none-eabi/7.2.1/../../../../arm-none-eabi/lib/thumb/v7e-m/fpv4-sp/hard\libc.a(lib_a-memcpy.o)
                0x08000200                memcpy
 *fill*         0x08000334        0xc 
 .text          0x08000340       0xdc c:/ac6/systemworkbench/plugins/fr.ac6.mcu.externaltools.arm-none.win32_1.16.0.201807130628/tools/compiler/bin/../lib/gcc/arm-none-eabi/7.2.1/../../../../arm-none-eabi/lib/thumb/v7e-m/fpv4-sp/hard\libc.a(lib_a-strlen.o)
                0x08000340                strlen
 *fill*         0x0800041c        0x4 
 .text          0x08000420       0xa0 c:/ac6/systemworkbench/plugins/fr.ac6.mcu.externaltools.arm-none.win32_1.16.0.201807130628/tools/compiler/bin/../lib/gcc/arm-none-eabi/7.2.1/../../../../arm-none-eabi/lib/thumb/v7e-m/fpv4-sp/hard\libc.a(lib_a-memchr.o)
                0x08000420                memchr
 .text          0x080004c0      0x378 c:/ac6/systemworkbench/plugins/fr.ac6.mcu.externaltools.arm-none.win32_1.16.0.201807130628/tools/compiler/bin/../lib/gcc/arm-none-eabi/7.2.1/thumb/v7e-m/fpv4-sp/hard\libgcc.a(_arm_addsubdf3.o)
                0x080004c0                __aeabi_drsub
                0x080004c8                __aeabi_dsub
                0x080004c8                __subdf3
                0x080004cc                __aeabi_dadd
                0x080004cc                __adddf3
                0x08000744                __floatunsidf
                0x08000744                __aeabi_ui2d
                0x08000764                __floatsidf
                0x08000764                __aeabi_i2d
                0x08000788                __aeabi_f2d
                0x08000788                __extendsfdf2
                0x080007cc                __floatundidf
                0x080007cc                __aeabi_ul2d
                0x080007dc                __floatdidf
                0x080007dc                __aeabi_l2d
 .text          0x08000838      0x424 c:/ac6/systemworkbench/plugins/fr.ac6.mcu.externaltools.arm-none.win32_1.16.0.201807130628/tools/compiler/bin/../lib/gcc/arm-none-eabi/7.2.1/thumb/v7e-m/fpv4-sp/hard\libgcc.a(_arm_muldivdf3.o)
                0x08000838                __aeabi_dmul
                0x08000838                __muldf3
                0x08000a8c                __divdf3
                0x08000a8c                __aeabi_ddiv
 .text          0x08000c5c      0x110 c:/ac6/systemworkbench/plugins/fr.ac6.mcu.externaltools.arm-none.win32_1.16.0.201807130628/tools/compiler/bin/../lib/gcc/arm-none-eabi/7.2.1/thumb/v7e-m/fpv4-sp/hard\libgcc.a(_arm_cmpdf2.o)
                0x08000c5c                __gtdf2
                0x08000c5c                __gedf2
                0x08000c64                __ltdf2
                0x08000c64                __ledf2
                0x08000c6c                __nedf2
                0x08000c6c                __eqdf2
                0x08000c6c                __cmpdf2
                0x08000ce8                __aeabi_cdrcmple
                0x08000cf8                __aeabi_cdcmpeq
                0x08000cf8                __aeabi_cdcmple
                0x08000d08                __aeabi_dcmpeq
                0x08000d1c                __aeabi_dcmplt
                0x08000d30                __aeabi_dcmple
                0x08000d44                __aeabi_dcmpge
                0x08000d58                __aeabi_dcmpgt
 .text          0x08000d6c       0x2c c:/ac6/systemworkbench/plugins/fr.ac6.mcu.externaltools.arm-none.win32_1.16.0.201807130628/tools/compiler/bin/../lib/gcc/arm-none-eabi/7.2.1/thumb/v7e-m/fpv4-sp/hard\libgcc.a(_arm_unorddf2.o)
                0x08000d6c                __unorddf2
                0x08000d6c                __aeabi_dcmpun
 .text          0x08000d98       0x50 c:/ac6/systemworkbench/plugins/fr.ac6.mcu.externaltools.arm-none.win32_1.16.0.201807130628/tools/compiler/bin/../lib/gcc/arm-none-eabi/7.2.1/thumb/v7e-m/fpv4-sp/hard\libgcc.a(_arm_fixdfsi.o)
                0x08000d98                __aeabi_d2iz
                0x08000d98                __fixdfsi
 .text          0x08000de8       0x40 c:/ac6/systemworkbench/plugins/fr.ac6.mcu.externaltools.arm-none.win32_1.16.0.201807130628/tools/compiler/bin/../lib/gcc/arm-none-eabi/7.2.1/thumb/v7e-m/fpv4-sp/hard\libgcc.a(_arm_fixunsdfsi.o)
                0x08000de8                __aeabi_d2uiz
                0x08000de8                __fixunsdfsi
 .text          0x08000e28       0xa0 c:/ac6/systemworkbench/plugins/fr.ac6.mcu.externaltools.arm-none.win32_1.16.0.201807130628/tools/compiler/bin/../lib/gcc/arm-none-eabi/7.2.1/thumb/v7e-m/fpv4-sp/hard\libgcc.a(_arm_truncdfsf2.o)
                0x08000e28                __truncdfsf2
                0x08000e28                __aeabi_d2f
 .text          0x08000ec8       0x30 c:/ac6/systemworkbench/plugins/fr.ac6.mcu.externaltools.arm-none.win32_1.16.0.201807130628/tools/compiler/bin/../lib/gcc/arm-none-eabi/7.2.1/thumb/v7e-m/fpv4-sp/hard\libgcc.a(_aeabi_uldivmod.o)
                0x08000ec8                __aeabi_uldivmod
 .text          0x08000ef8      0x2cc c:/ac6/systemworkbench/plugins/fr.ac6.mcu.externaltools.arm-none.win32_1.16.0.201807130628/tools/compiler/bin/../lib/gcc/arm-none-eabi/7.2.1/thumb/v7e-m/fpv4-sp/hard\libgcc.a(_udivmoddi4.o)
                0x08000ef8                __udivmoddi4
 .text          0x080011c4        0x4 c:/ac6/systemworkbench/plugins/fr.ac6.mcu.externaltools.arm-none.win32_1.16.0.201807130628/tools/compiler/bin/../lib/gcc/arm-none-eabi/7.2.1/thumb/v7e-m/fpv4-sp/hard\libgcc.a(_dvmd_tls.o)
                0x080011c4                __aeabi_idiv0
                0x080011c4                __aeabi_ldiv0
 *(.text*)
 .text.NVIC_Init
                0x080011c8       0xc4 StdPeriph_Driver/src/misc.o
                0x080011c8                NVIC_Init
 .text.ADC_Init
                0x0800128c       0xac StdPeriph_Driver/src/stm32f4xx_adc.o
                0x0800128c                ADC_Init
 .text.ADC_Cmd  0x08001338       0x38 StdPeriph_Driver/src/stm32f4xx_adc.o
                0x08001338                ADC_Cmd
 .text.ADC_RegularChannelConfig
                0x08001370      0x194 StdPeriph_Driver/src/stm32f4xx_adc.o
                0x08001370                ADC_RegularChannelConfig
 .text.ADC_SoftwareStartConv
                0x08001504       0x20 StdPeriph_Driver/src/stm32f4xx_adc.o
                0x08001504                ADC_SoftwareStartConv
 .text.ADC_GetConversionValue
                0x08001524       0x1a StdPeriph_Driver/src/stm32f4xx_adc.o
                0x08001524                ADC_GetConversionValue
 .text.ADC_GetFlagStatus
                0x0800153e       0x34 StdPeriph_Driver/src/stm32f4xx_adc.o
                0x0800153e                ADC_GetFlagStatus
 *fill*         0x08001572        0x2 
 .text.FLASH_Unlock
                0x08001574       0x30 StdPeriph_Driver/src/stm32f4xx_flash.o
                0x08001574                FLASH_Unlock
 .text.FLASH_Lock
                0x080015a4       0x20 StdPeriph_Driver/src/stm32f4xx_flash.o
                0x080015a4                FLASH_Lock
 .text.FLASH_EraseSector
                0x080015c4       0xc0 StdPeriph_Driver/src/stm32f4xx_flash.o
                0x080015c4                FLASH_EraseSector
 .text.FLASH_ProgramByte
                0x08001684       0x68 StdPeriph_Driver/src/stm32f4xx_flash.o
                0x08001684                FLASH_ProgramByte
 .text.FLASH_ClearFlag
                0x080016ec       0x20 StdPeriph_Driver/src/stm32f4xx_flash.o
                0x080016ec                FLASH_ClearFlag
 .text.FLASH_GetStatus
                0x0800170c       0x7c StdPeriph_Driver/src/stm32f4xx_flash.o
                0x0800170c                FLASH_GetStatus
 .text.FLASH_WaitForLastOperation
                0x08001788       0x30 StdPeriph_Driver/src/stm32f4xx_flash.o
                0x08001788                FLASH_WaitForLastOperation
 .text.GPIO_Init
                0x080017b8      0x11c StdPeriph_Driver/src/stm32f4xx_gpio.o
                0x080017b8                GPIO_Init
 .text.GPIO_ReadInputDataBit
                0x080018d4       0x34 StdPeriph_Driver/src/stm32f4xx_gpio.o
                0x080018d4                GPIO_ReadInputDataBit
 .text.GPIO_ReadInputData
                0x08001908       0x1a StdPeriph_Driver/src/stm32f4xx_gpio.o
                0x08001908                GPIO_ReadInputData
 .text.GPIO_SetBits
                0x08001922       0x1e StdPeriph_Driver/src/stm32f4xx_gpio.o
                0x08001922                GPIO_SetBits
 .text.GPIO_ResetBits
                0x08001940       0x1e StdPeriph_Driver/src/stm32f4xx_gpio.o
                0x08001940                GPIO_ResetBits
 *fill*         0x0800195e        0x2 
 .text.RCC_GetClocksFreq
                0x08001960      0x150 StdPeriph_Driver/src/stm32f4xx_rcc.o
                0x08001960                RCC_GetClocksFreq
 .text.RCC_AHB1PeriphClockCmd
                0x08001ab0       0x40 StdPeriph_Driver/src/stm32f4xx_rcc.o
                0x08001ab0                RCC_AHB1PeriphClockCmd
 .text.RCC_APB2PeriphClockCmd
                0x08001af0       0x40 StdPeriph_Driver/src/stm32f4xx_rcc.o
                0x08001af0                RCC_APB2PeriphClockCmd
 .text.RCC_APB1PeriphResetCmd
                0x08001b30       0x40 StdPeriph_Driver/src/stm32f4xx_rcc.o
                0x08001b30                RCC_APB1PeriphResetCmd
 .text.RCC_APB2PeriphResetCmd
                0x08001b70       0x40 StdPeriph_Driver/src/stm32f4xx_rcc.o
                0x08001b70                RCC_APB2PeriphResetCmd
 .text.USART_DeInit
                0x08001bb0      0x118 StdPeriph_Driver/src/stm32f4xx_usart.o
                0x08001bb0                USART_DeInit
 .text.USART_Init
                0x08001cc8      0x174 StdPeriph_Driver/src/stm32f4xx_usart.o
                0x08001cc8                USART_Init
 .text.NVIC_SetPriority
                0x08001e3c       0x54 src/main.o
 .text.SysTick_Config
                0x08001e90       0x44 src/main.o
 .text.lcd_delay_us
                0x08001ed4       0x3c src/main.o
                0x08001ed4                lcd_delay_us
 .text.lcd_delay_ms
                0x08001f10       0x26 src/main.o
                0x08001f10                lcd_delay_ms
 *fill*         0x08001f36        0x2 
 .text.lcd_init
                0x08001f38       0xf8 src/main.o
                0x08001f38                lcd_init
 .text.lcd_command
                0x08002030       0xa8 src/main.o
                0x08002030                lcd_command
 .text.lcd_data
                0x080020d8       0xa4 src/main.o
                0x080020d8                lcd_data
 .text.lcd_gotoxy
                0x0800217c       0x32 src/main.o
                0x0800217c                lcd_gotoxy
 .text.lcd_clear
                0x080021ae       0x14 src/main.o
                0x080021ae                lcd_clear
 .text.lcd_printxy
                0x080021c2       0x36 src/main.o
                0x080021c2                lcd_printxy
 .text.delay_ms
                0x080021f8       0x30 src/main.o
                0x080021f8                delay_ms
 .text.SysTick_Handler
                0x08002228       0x1c src/main.o
                0x08002228                SysTick_Handler
 .text.init     0x08002244       0xa8 src/main.o
                0x08002244                init
 .text.ADCInit  0x080022ec       0x74 src/main.o
                0x080022ec                ADCInit
 .text.ADC_Read
                0x08002360       0x2c src/main.o
                0x08002360                ADC_Read
 .text.fnd_display
                0x0800238c       0x80 src/main.o
                0x0800238c                fnd_display
 .text.buzzer_on
                0x0800240c       0x54 src/main.o
                0x0800240c                buzzer_on
 .text.led_on   0x08002460       0x64 src/main.o
                0x08002460                led_on
 .text.motor_on
                0x080024c4       0x50 src/main.o
                0x080024c4                motor_on
 .text.getkey   0x08002514       0x74 src/main.o
                0x08002514                getkey
 .text.input_key
                0x08002588       0xe8 src/main.o
                0x08002588                input_key
 .text.system_on
                0x08002670      0x104 src/main.o
                0x08002670                system_on
 .text.ReadUartStr
                0x08002774       0x60 src/main.o
                0x08002774                ReadUartStr
 .text.program_data
                0x080027d4       0x36 src/main.o
                0x080027d4                program_data
 *fill*         0x0800280a        0x2 
 .text.flash_write
                0x0800280c       0x30 src/main.o
                0x0800280c                flash_write
 .text.flash_read
                0x0800283c       0x20 src/main.o
                0x0800283c                flash_read
 .text.input_memory
                0x0800285c       0xfc src/main.o
                0x0800285c                input_memory
 .text.lcd_update
                0x08002958       0xec src/main.o
                0x08002958                lcd_update
 .text.App_SendData
                0x08002a44       0x58 src/main.o
                0x08002a44                App_SendData
 .text.App_ReadData
                0x08002a9c       0xd0 src/main.o
                0x08002a9c                App_ReadData
 .text.main     0x08002b6c      0x450 src/main.o
                0x08002b6c                main
 .text._sbrk    0x08002fbc       0x58 src/syscalls.o
                0x08002fbc                _sbrk
 .text.SystemInit
                0x08003014       0x6c src/system_stm32f4xx.o
                0x08003014                SystemInit
 .text.SetSysClock
                0x08003080       0xf8 src/system_stm32f4xx.o
 .text.TM_GPIO_InitAlternate
                0x08003178       0xa8 src/tm_stm32f4_gpio.o
                0x08003178                TM_GPIO_InitAlternate
 .text.TM_GPIO_GetPortSource
                0x08003220       0x22 src/tm_stm32f4_gpio.o
                0x08003220                TM_GPIO_GetPortSource
 *fill*         0x08003242        0x2 
 .text.TM_GPIO_INT_EnableClock
                0x08003244       0x30 src/tm_stm32f4_gpio.o
                0x08003244                TM_GPIO_INT_EnableClock
 .text.TM_GPIO_INT_Init
                0x08003274      0x10c src/tm_stm32f4_gpio.o
                0x08003274                TM_GPIO_INT_Init
 .text.TM_USART_Init
                0x08003380      0x108 src/tm_stm32f4_usart.o
                0x08003380                TM_USART_Init
 .text.TM_USART_Getc
                0x08003488       0x72 src/tm_stm32f4_usart.o
                0x08003488                TM_USART_Getc
 .text.TM_USART_Puts
                0x080034fa       0x5c src/tm_stm32f4_usart.o
                0x080034fa                TM_USART_Puts
 .text.TM_USART_INT_InsertToBuffer
                0x08003556       0x5c src/tm_stm32f4_usart.o
                0x08003556                TM_USART_INT_InsertToBuffer
 .text.TM_USART_InitCustomPinsCallback
                0x080035b2       0x18 src/tm_stm32f4_usart.o
                0x080035b2                TM_USART_InitCustomPinsCallback
 *fill*         0x080035ca        0x2 
 .text.TM_USART_INT_GetUsart
                0x080035cc       0x90 src/tm_stm32f4_usart.o
                0x080035cc                TM_USART_INT_GetUsart
 .text.TM_USART_INT_GetSubPriority
                0x0800365c       0x78 src/tm_stm32f4_usart.o
                0x0800365c                TM_USART_INT_GetSubPriority
 .text.TM_USART1_InitPins
                0x080036d4       0x64 src/tm_stm32f4_usart.o
                0x080036d4                TM_USART1_InitPins
 .text.TM_USART2_InitPins
                0x08003738       0x60 src/tm_stm32f4_usart.o
                0x08003738                TM_USART2_InitPins
 .text.TM_USART3_InitPins
                0x08003798       0x84 src/tm_stm32f4_usart.o
                0x08003798                TM_USART3_InitPins
 .text.TM_UART4_InitPins
                0x0800381c       0x64 src/tm_stm32f4_usart.o
                0x0800381c                TM_UART4_InitPins
 .text.TM_UART5_InitPins
                0x08003880       0x5c src/tm_stm32f4_usart.o
                0x08003880                TM_UART5_InitPins
 .text.TM_USART6_InitPins
                0x080038dc       0x64 src/tm_stm32f4_usart.o
                0x080038dc                TM_USART6_InitPins
 .text.USART1_IRQHandler
                0x08003940       0x30 src/tm_stm32f4_usart.o
                0x08003940                USART1_IRQHandler
 .text.USART2_IRQHandler
                0x08003970       0x30 src/tm_stm32f4_usart.o
                0x08003970                USART2_IRQHandler
 .text.USART3_IRQHandler
                0x080039a0       0x30 src/tm_stm32f4_usart.o
                0x080039a0                USART3_IRQHandler
 .text.UART4_IRQHandler
                0x080039d0       0x30 src/tm_stm32f4_usart.o
                0x080039d0                UART4_IRQHandler
 .text.UART5_IRQHandler
                0x08003a00       0x30 src/tm_stm32f4_usart.o
                0x08003a00                UART5_IRQHandler
 .text.USART6_IRQHandler
                0x08003a30       0x30 src/tm_stm32f4_usart.o
                0x08003a30                USART6_IRQHandler
 .text.TM_USART_INT_Init
                0x08003a60      0x18c src/tm_stm32f4_usart.o
 .text.Reset_Handler
                0x08003bec       0x50 startup/startup_stm32.o
                0x08003bec                Reset_Handler
 .text.Default_Handler
                0x08003c3c        0x2 startup/startup_stm32.o
                0x08003c3c                RTC_Alarm_IRQHandler
                0x08003c3c                HASH_RNG_IRQHandler
                0x08003c3c                EXTI2_IRQHandler
                0x08003c3c                TIM8_CC_IRQHandler
                0x08003c3c                DebugMon_Handler
                0x08003c3c                TIM1_CC_IRQHandler
                0x08003c3c                DMA2_Stream5_IRQHandler
                0x08003c3c                HardFault_Handler
                0x08003c3c                DMA1_Stream5_IRQHandler
                0x08003c3c                PVD_IRQHandler
                0x08003c3c                SDIO_IRQHandler
                0x08003c3c                TAMP_STAMP_IRQHandler
                0x08003c3c                PendSV_Handler
                0x08003c3c                NMI_Handler
                0x08003c3c                CAN2_RX1_IRQHandler
                0x08003c3c                EXTI3_IRQHandler
                0x08003c3c                TIM8_TRG_COM_TIM14_IRQHandler
                0x08003c3c                TIM1_UP_TIM10_IRQHandler
                0x08003c3c                TIM8_UP_TIM13_IRQHandler
                0x08003c3c                I2C3_ER_IRQHandler
                0x08003c3c                LCD_TFT_IRQHandler
                0x08003c3c                EXTI0_IRQHandler
                0x08003c3c                I2C2_EV_IRQHandler
                0x08003c3c                DMA1_Stream2_IRQHandler
                0x08003c3c                CAN1_RX0_IRQHandler
                0x08003c3c                FPU_IRQHandler
                0x08003c3c                OTG_HS_WKUP_IRQHandler
                0x08003c3c                UsageFault_Handler
                0x08003c3c                CAN2_SCE_IRQHandler
                0x08003c3c                DMA2_Stream2_IRQHandler
                0x08003c3c                SPI1_IRQHandler
                0x08003c3c                TIM6_DAC_IRQHandler
                0x08003c3c                TIM1_BRK_TIM9_IRQHandler
                0x08003c3c                DCMI_IRQHandler
                0x08003c3c                CAN2_RX0_IRQHandler
                0x08003c3c                DMA2_Stream3_IRQHandler
                0x08003c3c                CRYP_IRQHandler
                0x08003c3c                CAN1_RX1_IRQHandler
                0x08003c3c                DMA2_Stream0_IRQHandler
                0x08003c3c                TIM4_IRQHandler
                0x08003c3c                I2C1_EV_IRQHandler
                0x08003c3c                DMA1_Stream6_IRQHandler
                0x08003c3c                DMA1_Stream1_IRQHandler
                0x08003c3c                LCD_TFT_1_IRQHandler
                0x08003c3c                TIM3_IRQHandler
                0x08003c3c                RCC_IRQHandler
                0x08003c3c                TIM8_BRK_TIM12_IRQHandler
                0x08003c3c                Default_Handler
                0x08003c3c                EXTI15_10_IRQHandler
                0x08003c3c                ADC_IRQHandler
                0x08003c3c                DMA1_Stream7_IRQHandler
                0x08003c3c                TIM7_IRQHandler
                0x08003c3c                CAN2_TX_IRQHandler
                0x08003c3c                TIM5_IRQHandler
                0x08003c3c                DMA2_Stream7_IRQHandler
                0x08003c3c                I2C3_EV_IRQHandler
                0x08003c3c                EXTI9_5_IRQHandler
                0x08003c3c                RTC_WKUP_IRQHandler
                0x08003c3c                ETH_WKUP_IRQHandler
                0x08003c3c                SPI2_IRQHandler
                0x08003c3c                OTG_HS_EP1_IN_IRQHandler
                0x08003c3c                MemManage_Handler
                0x08003c3c                DMA1_Stream0_IRQHandler
                0x08003c3c                CAN1_TX_IRQHandler
                0x08003c3c                SVC_Handler
                0x08003c3c                EXTI4_IRQHandler
                0x08003c3c                FSMC_IRQHandler
                0x08003c3c                ETH_IRQHandler
                0x08003c3c                OTG_HS_EP1_OUT_IRQHandler
                0x08003c3c                WWDG_IRQHandler
                0x08003c3c                TIM2_IRQHandler
                0x08003c3c                OTG_FS_WKUP_IRQHandler
                0x08003c3c                TIM1_TRG_COM_TIM11_IRQHandler
                0x08003c3c                OTG_HS_IRQHandler
                0x08003c3c                EXTI1_IRQHandler
                0x08003c3c                I2C2_ER_IRQHandler
                0x08003c3c                DMA2_Stream1_IRQHandler
                0x08003c3c                CAN1_SCE_IRQHandler
                0x08003c3c                DMA2_Stream4_IRQHandler
                0x08003c3c                BusFault_Handler
                0x08003c3c                OTG_FS_IRQHandler
                0x08003c3c                SPI3_IRQHandler
                0x08003c3c                DMA1_Stream4_IRQHandler
                0x08003c3c                I2C1_ER_IRQHandler
                0x08003c3c                DMA2_Stream6_IRQHandler
                0x08003c3c                DMA1_Stream3_IRQHandler
 *fill*         0x08003c3e        0x2 
 .text.__errno  0x08003c40        0xc c:/ac6/systemworkbench/plugins/fr.ac6.mcu.externaltools.arm-none.win32_1.16.0.201807130628/tools/compiler/bin/../lib/gcc/arm-none-eabi/7.2.1/../../../../arm-none-eabi/lib/thumb/v7e-m/fpv4-sp/hard\libc.a(lib_a-errno.o)
                0x08003c40                __errno
 .text.__libc_init_array
                0x08003c4c       0x48 c:/ac6/systemworkbench/plugins/fr.ac6.mcu.externaltools.arm-none.win32_1.16.0.201807130628/tools/compiler/bin/../lib/gcc/arm-none-eabi/7.2.1/../../../../arm-none-eabi/lib/thumb/v7e-m/fpv4-sp/hard\libc.a(lib_a-init.o)
                0x08003c4c                __libc_init_array
 .text.memset   0x08003c94       0x94 c:/ac6/systemworkbench/plugins/fr.ac6.mcu.externaltools.arm-none.win32_1.16.0.201807130628/tools/compiler/bin/../lib/gcc/arm-none-eabi/7.2.1/../../../../arm-none-eabi/lib/thumb/v7e-m/fpv4-sp/hard\libc.a(lib_a-memset.o)
                0x08003c94                memset
 .text.sprintf  0x08003d28       0x44 c:/ac6/systemworkbench/plugins/fr.ac6.mcu.externaltools.arm-none.win32_1.16.0.201807130628/tools/compiler/bin/../lib/gcc/arm-none-eabi/7.2.1/../../../../arm-none-eabi/lib/thumb/v7e-m/fpv4-sp/hard\libc.a(lib_a-sprintf.o)
                0x08003d28                sprintf
 .text.sscanf   0x08003d6c       0x58 c:/ac6/systemworkbench/plugins/fr.ac6.mcu.externaltools.arm-none.win32_1.16.0.201807130628/tools/compiler/bin/../lib/gcc/arm-none-eabi/7.2.1/../../../../arm-none-eabi/lib/thumb/v7e-m/fpv4-sp/hard\libc.a(lib_a-sscanf.o)
                0x08003d6c                sscanf
 .text.__seofread
                0x08003dc4        0x4 c:/ac6/systemworkbench/plugins/fr.ac6.mcu.externaltools.arm-none.win32_1.16.0.201807130628/tools/compiler/bin/../lib/gcc/arm-none-eabi/7.2.1/../../../../arm-none-eabi/lib/thumb/v7e-m/fpv4-sp/hard\libc.a(lib_a-stdio.o)
                0x08003dc4                __seofread
 .text._svfprintf_r
                0x08003dc8     0x144c c:/ac6/systemworkbench/plugins/fr.ac6.mcu.externaltools.arm-none.win32_1.16.0.201807130628/tools/compiler/bin/../lib/gcc/arm-none-eabi/7.2.1/../../../../arm-none-eabi/lib/thumb/v7e-m/fpv4-sp/hard\libc.a(lib_a-svfprintf.o)
                0x08003dc8                _svfprintf_r
 .text.__ssvfscanf_r
                0x08005214      0xdd8 c:/ac6/systemworkbench/plugins/fr.ac6.mcu.externaltools.arm-none.win32_1.16.0.201807130628/tools/compiler/bin/../lib/gcc/arm-none-eabi/7.2.1/../../../../arm-none-eabi/lib/thumb/v7e-m/fpv4-sp/hard\libc.a(lib_a-svfscanf.o)
                0x08005214                __ssvfscanf_r
 .text.startup.register_fini
                0x08005fec       0x14 c:/ac6/systemworkbench/plugins/fr.ac6.mcu.externaltools.arm-none.win32_1.16.0.201807130628/tools/compiler/bin/../lib/gcc/arm-none-eabi/7.2.1/../../../../arm-none-eabi/lib/thumb/v7e-m/fpv4-sp/hard\libc.a(lib_a-__call_atexit.o)
 .text.atexit   0x08006000        0xc c:/ac6/systemworkbench/plugins/fr.ac6.mcu.externaltools.arm-none.win32_1.16.0.201807130628/tools/compiler/bin/../lib/gcc/arm-none-eabi/7.2.1/../../../../arm-none-eabi/lib/thumb/v7e-m/fpv4-sp/hard\libc.a(lib_a-atexit.o)
                0x08006000                atexit
 .text.quorem   0x0800600c      0x124 c:/ac6/systemworkbench/plugins/fr.ac6.mcu.externaltools.arm-none.win32_1.16.0.201807130628/tools/compiler/bin/../lib/gcc/arm-none-eabi/7.2.1/../../../../arm-none-eabi/lib/thumb/v7e-m/fpv4-sp/hard\libc.a(lib_a-dtoa.o)
 .text._dtoa_r  0x08006130      0xe28 c:/ac6/systemworkbench/plugins/fr.ac6.mcu.externaltools.arm-none.win32_1.16.0.201807130628/tools/compiler/bin/../lib/gcc/arm-none-eabi/7.2.1/../../../../arm-none-eabi/lib/thumb/v7e-m/fpv4-sp/hard\libc.a(lib_a-dtoa.o)
                0x08006130                _dtoa_r
 .text.__libc_fini_array
                0x08006f58       0x34 c:/ac6/systemworkbench/plugins/fr.ac6.mcu.externaltools.arm-none.win32_1.16.0.201807130628/tools/compiler/bin/../lib/gcc/arm-none-eabi/7.2.1/../../../../arm-none-eabi/lib/thumb/v7e-m/fpv4-sp/hard\libc.a(lib_a-fini.o)
                0x08006f58                __libc_fini_array
 .text.iswspace
                0x08006f8c       0x1c c:/ac6/systemworkbench/plugins/fr.ac6.mcu.externaltools.arm-none.win32_1.16.0.201807130628/tools/compiler/bin/../lib/gcc/arm-none-eabi/7.2.1/../../../../arm-none-eabi/lib/thumb/v7e-m/fpv4-sp/hard\libc.a(lib_a-iswspace.o)
                0x08006f8c                iswspace
 .text.__locale_mb_cur_max
                0x08006fa8       0x1c c:/ac6/systemworkbench/plugins/fr.ac6.mcu.externaltools.arm-none.win32_1.16.0.201807130628/tools/compiler/bin/../lib/gcc/arm-none-eabi/7.2.1/../../../../arm-none-eabi/lib/thumb/v7e-m/fpv4-sp/hard\libc.a(lib_a-locale.o)
                0x08006fa8                __locale_mb_cur_max
 .text.__locale_ctype_ptr_l
                0x08006fc4        0x8 c:/ac6/systemworkbench/plugins/fr.ac6.mcu.externaltools.arm-none.win32_1.16.0.201807130628/tools/compiler/bin/../lib/gcc/arm-none-eabi/7.2.1/../../../../arm-none-eabi/lib/thumb/v7e-m/fpv4-sp/hard\libc.a(lib_a-locale.o)
                0x08006fc4                __locale_ctype_ptr_l
 .text.__locale_ctype_ptr
                0x08006fcc       0x1c c:/ac6/systemworkbench/plugins/fr.ac6.mcu.externaltools.arm-none.win32_1.16.0.201807130628/tools/compiler/bin/../lib/gcc/arm-none-eabi/7.2.1/../../../../arm-none-eabi/lib/thumb/v7e-m/fpv4-sp/hard\libc.a(lib_a-locale.o)
                0x08006fcc                __locale_ctype_ptr
 .text.__localeconv_l
                0x08006fe8        0x4 c:/ac6/systemworkbench/plugins/fr.ac6.mcu.externaltools.arm-none.win32_1.16.0.201807130628/tools/compiler/bin/../lib/gcc/arm-none-eabi/7.2.1/../../../../arm-none-eabi/lib/thumb/v7e-m/fpv4-sp/hard\libc.a(lib_a-localeconv.o)
                0x08006fe8                __localeconv_l
 .text._localeconv_r
                0x08006fec       0x1c c:/ac6/systemworkbench/plugins/fr.ac6.mcu.externaltools.arm-none.win32_1.16.0.201807130628/tools/compiler/bin/../lib/gcc/arm-none-eabi/7.2.1/../../../../arm-none-eabi/lib/thumb/v7e-m/fpv4-sp/hard\libc.a(lib_a-localeconv.o)
                0x08006fec                _localeconv_r
 .text.__retarget_lock_acquire_recursive
                0x08007008        0x4 c:/ac6/systemworkbench/plugins/fr.ac6.mcu.externaltools.arm-none.win32_1.16.0.201807130628/tools/compiler/bin/../lib/gcc/arm-none-eabi/7.2.1/../../../../arm-none-eabi/lib/thumb/v7e-m/fpv4-sp/hard\libc.a(lib_a-lock.o)
                0x08007008                __retarget_lock_acquire_recursive
 .text.__retarget_lock_release_recursive
                0x0800700c        0x4 c:/ac6/systemworkbench/plugins/fr.ac6.mcu.externaltools.arm-none.win32_1.16.0.201807130628/tools/compiler/bin/../lib/gcc/arm-none-eabi/7.2.1/../../../../arm-none-eabi/lib/thumb/v7e-m/fpv4-sp/hard\libc.a(lib_a-lock.o)
                0x0800700c                __retarget_lock_release_recursive
 .text._malloc_r
                0x08007010      0x548 c:/ac6/systemworkbench/plugins/fr.ac6.mcu.externaltools.arm-none.win32_1.16.0.201807130628/tools/compiler/bin/../lib/gcc/arm-none-eabi/7.2.1/../../../../arm-none-eabi/lib/thumb/v7e-m/fpv4-sp/hard\libc.a(lib_a-mallocr.o)
                0x08007010                _malloc_r
 .text._mbrtowc_r
                0x08007558       0x5c c:/ac6/systemworkbench/plugins/fr.ac6.mcu.externaltools.arm-none.win32_1.16.0.201807130628/tools/compiler/bin/../lib/gcc/arm-none-eabi/7.2.1/../../../../arm-none-eabi/lib/thumb/v7e-m/fpv4-sp/hard\libc.a(lib_a-mbrtowc.o)
                0x08007558                _mbrtowc_r
 .text.__ascii_mbtowc
                0x080075b4       0x2c c:/ac6/systemworkbench/plugins/fr.ac6.mcu.externaltools.arm-none.win32_1.16.0.201807130628/tools/compiler/bin/../lib/gcc/arm-none-eabi/7.2.1/../../../../arm-none-eabi/lib/thumb/v7e-m/fpv4-sp/hard\libc.a(lib_a-mbtowc_r.o)
                0x080075b4                __ascii_mbtowc
 .text.__malloc_lock
                0x080075e0        0xc c:/ac6/systemworkbench/plugins/fr.ac6.mcu.externaltools.arm-none.win32_1.16.0.201807130628/tools/compiler/bin/../lib/gcc/arm-none-eabi/7.2.1/../../../../arm-none-eabi/lib/thumb/v7e-m/fpv4-sp/hard\libc.a(lib_a-mlock.o)
                0x080075e0                __malloc_lock
 .text.__malloc_unlock
                0x080075ec        0xc c:/ac6/systemworkbench/plugins/fr.ac6.mcu.externaltools.arm-none.win32_1.16.0.201807130628/tools/compiler/bin/../lib/gcc/arm-none-eabi/7.2.1/../../../../arm-none-eabi/lib/thumb/v7e-m/fpv4-sp/hard\libc.a(lib_a-mlock.o)
                0x080075ec                __malloc_unlock
 .text._Balloc  0x080075f8       0x4c c:/ac6/systemworkbench/plugins/fr.ac6.mcu.externaltools.arm-none.win32_1.16.0.201807130628/tools/compiler/bin/../lib/gcc/arm-none-eabi/7.2.1/../../../../arm-none-eabi/lib/thumb/v7e-m/fpv4-sp/hard\libc.a(lib_a-mprec.o)
                0x080075f8                _Balloc
 .text._Bfree   0x08007644       0x14 c:/ac6/systemworkbench/plugins/fr.ac6.mcu.externaltools.arm-none.win32_1.16.0.201807130628/tools/compiler/bin/../lib/gcc/arm-none-eabi/7.2.1/../../../../arm-none-eabi/lib/thumb/v7e-m/fpv4-sp/hard\libc.a(lib_a-mprec.o)
                0x08007644                _Bfree
 .text.__multadd
                0x08007658       0x80 c:/ac6/systemworkbench/plugins/fr.ac6.mcu.externaltools.arm-none.win32_1.16.0.201807130628/tools/compiler/bin/../lib/gcc/arm-none-eabi/7.2.1/../../../../arm-none-eabi/lib/thumb/v7e-m/fpv4-sp/hard\libc.a(lib_a-mprec.o)
                0x08007658                __multadd
 .text.__s2b    0x080076d8       0x98 c:/ac6/systemworkbench/plugins/fr.ac6.mcu.externaltools.arm-none.win32_1.16.0.201807130628/tools/compiler/bin/../lib/gcc/arm-none-eabi/7.2.1/../../../../arm-none-eabi/lib/thumb/v7e-m/fpv4-sp/hard\libc.a(lib_a-mprec.o)
                0x080076d8                __s2b
 .text.__hi0bits
                0x08007770       0x40 c:/ac6/systemworkbench/plugins/fr.ac6.mcu.externaltools.arm-none.win32_1.16.0.201807130628/tools/compiler/bin/../lib/gcc/arm-none-eabi/7.2.1/../../../../arm-none-eabi/lib/thumb/v7e-m/fpv4-sp/hard\libc.a(lib_a-mprec.o)
                0x08007770                __hi0bits
 .text.__lo0bits
                0x080077b0       0x60 c:/ac6/systemworkbench/plugins/fr.ac6.mcu.externaltools.arm-none.win32_1.16.0.201807130628/tools/compiler/bin/../lib/gcc/arm-none-eabi/7.2.1/../../../../arm-none-eabi/lib/thumb/v7e-m/fpv4-sp/hard\libc.a(lib_a-mprec.o)
                0x080077b0                __lo0bits
 .text.__i2b    0x08007810       0x14 c:/ac6/systemworkbench/plugins/fr.ac6.mcu.externaltools.arm-none.win32_1.16.0.201807130628/tools/compiler/bin/../lib/gcc/arm-none-eabi/7.2.1/../../../../arm-none-eabi/lib/thumb/v7e-m/fpv4-sp/hard\libc.a(lib_a-mprec.o)
                0x08007810                __i2b
 .text.__multiply
                0x08007824      0x14c c:/ac6/systemworkbench/plugins/fr.ac6.mcu.externaltools.arm-none.win32_1.16.0.201807130628/tools/compiler/bin/../lib/gcc/arm-none-eabi/7.2.1/../../../../arm-none-eabi/lib/thumb/v7e-m/fpv4-sp/hard\libc.a(lib_a-mprec.o)
                0x08007824                __multiply
 .text.__pow5mult
                0x08007970       0xa0 c:/ac6/systemworkbench/plugins/fr.ac6.mcu.externaltools.arm-none.win32_1.16.0.201807130628/tools/compiler/bin/../lib/gcc/arm-none-eabi/7.2.1/../../../../arm-none-eabi/lib/thumb/v7e-m/fpv4-sp/hard\libc.a(lib_a-mprec.o)
                0x08007970                __pow5mult
 .text.__lshift
                0x08007a10       0xac c:/ac6/systemworkbench/plugins/fr.ac6.mcu.externaltools.arm-none.win32_1.16.0.201807130628/tools/compiler/bin/../lib/gcc/arm-none-eabi/7.2.1/../../../../arm-none-eabi/lib/thumb/v7e-m/fpv4-sp/hard\libc.a(lib_a-mprec.o)
                0x08007a10                __lshift
 .text.__mcmp   0x08007abc       0x38 c:/ac6/systemworkbench/plugins/fr.ac6.mcu.externaltools.arm-none.win32_1.16.0.201807130628/tools/compiler/bin/../lib/gcc/arm-none-eabi/7.2.1/../../../../arm-none-eabi/lib/thumb/v7e-m/fpv4-sp/hard\libc.a(lib_a-mprec.o)
                0x08007abc                __mcmp
 .text.__mdiff  0x08007af4       0xec c:/ac6/systemworkbench/plugins/fr.ac6.mcu.externaltools.arm-none.win32_1.16.0.201807130628/tools/compiler/bin/../lib/gcc/arm-none-eabi/7.2.1/../../../../arm-none-eabi/lib/thumb/v7e-m/fpv4-sp/hard\libc.a(lib_a-mprec.o)
                0x08007af4                __mdiff
 .text.__ulp    0x08007be0       0x54 c:/ac6/systemworkbench/plugins/fr.ac6.mcu.externaltools.arm-none.win32_1.16.0.201807130628/tools/compiler/bin/../lib/gcc/arm-none-eabi/7.2.1/../../../../arm-none-eabi/lib/thumb/v7e-m/fpv4-sp/hard\libc.a(lib_a-mprec.o)
                0x08007be0                __ulp
 .text.__b2d    0x08007c34       0xbc c:/ac6/systemworkbench/plugins/fr.ac6.mcu.externaltools.arm-none.win32_1.16.0.201807130628/tools/compiler/bin/../lib/gcc/arm-none-eabi/7.2.1/../../../../arm-none-eabi/lib/thumb/v7e-m/fpv4-sp/hard\libc.a(lib_a-mprec.o)
                0x08007c34                __b2d
 .text.__d2b    0x08007cf0       0xc4 c:/ac6/systemworkbench/plugins/fr.ac6.mcu.externaltools.arm-none.win32_1.16.0.201807130628/tools/compiler/bin/../lib/gcc/arm-none-eabi/7.2.1/../../../../arm-none-eabi/lib/thumb/v7e-m/fpv4-sp/hard\libc.a(lib_a-mprec.o)
                0x08007cf0                __d2b
 .text.__ratio  0x08007db4       0x60 c:/ac6/systemworkbench/plugins/fr.ac6.mcu.externaltools.arm-none.win32_1.16.0.201807130628/tools/compiler/bin/../lib/gcc/arm-none-eabi/7.2.1/../../../../arm-none-eabi/lib/thumb/v7e-m/fpv4-sp/hard\libc.a(lib_a-mprec.o)
                0x08007db4                __ratio
 .text.__copybits
                0x08007e14       0x48 c:/ac6/systemworkbench/plugins/fr.ac6.mcu.externaltools.arm-none.win32_1.16.0.201807130628/tools/compiler/bin/../lib/gcc/arm-none-eabi/7.2.1/../../../../arm-none-eabi/lib/thumb/v7e-m/fpv4-sp/hard\libc.a(lib_a-mprec.o)
                0x08007e14                __copybits
 .text.__any_on
                0x08007e5c       0x58 c:/ac6/systemworkbench/plugins/fr.ac6.mcu.externaltools.arm-none.win32_1.16.0.201807130628/tools/compiler/bin/../lib/gcc/arm-none-eabi/7.2.1/../../../../arm-none-eabi/lib/thumb/v7e-m/fpv4-sp/hard\libc.a(lib_a-mprec.o)
                0x08007e5c                __any_on
 .text._sbrk_r  0x08007eb4       0x24 c:/ac6/systemworkbench/plugins/fr.ac6.mcu.externaltools.arm-none.win32_1.16.0.201807130628/tools/compiler/bin/../lib/gcc/arm-none-eabi/7.2.1/../../../../arm-none-eabi/lib/thumb/v7e-m/fpv4-sp/hard\libc.a(lib_a-sbrkr.o)
                0x08007eb4                _sbrk_r
 .text.__sccl   0x08007ed8       0x70 c:/ac6/systemworkbench/plugins/fr.ac6.mcu.externaltools.arm-none.win32_1.16.0.201807130628/tools/compiler/bin/../lib/gcc/arm-none-eabi/7.2.1/../../../../arm-none-eabi/lib/thumb/v7e-m/fpv4-sp/hard\libc.a(lib_a-sccl.o)
                0x08007ed8                __sccl
 .text.nanf     0x08007f48        0xc c:/ac6/systemworkbench/plugins/fr.ac6.mcu.externaltools.arm-none.win32_1.16.0.201807130628/tools/compiler/bin/../lib/gcc/arm-none-eabi/7.2.1/../../../../arm-none-eabi/lib/thumb/v7e-m/fpv4-sp/hard\libc.a(lib_a-sf_nan.o)
                0x08007f48                nanf
 .text.unlikely.sulp
                0x08007f54       0x38 c:/ac6/systemworkbench/plugins/fr.ac6.mcu.externaltools.arm-none.win32_1.16.0.201807130628/tools/compiler/bin/../lib/gcc/arm-none-eabi/7.2.1/../../../../arm-none-eabi/lib/thumb/v7e-m/fpv4-sp/hard\libc.a(lib_a-strtod.o)
 *fill*         0x08007f8c        0x4 
 .text._strtod_l
                0x08007f90      0xf1c c:/ac6/systemworkbench/plugins/fr.ac6.mcu.externaltools.arm-none.win32_1.16.0.201807130628/tools/compiler/bin/../lib/gcc/arm-none-eabi/7.2.1/../../../../arm-none-eabi/lib/thumb/v7e-m/fpv4-sp/hard\libc.a(lib_a-strtod.o)
                0x08007f90                _strtod_l
 .text._strtod_r
                0x08008eac       0x20 c:/ac6/systemworkbench/plugins/fr.ac6.mcu.externaltools.arm-none.win32_1.16.0.201807130628/tools/compiler/bin/../lib/gcc/arm-none-eabi/7.2.1/../../../../arm-none-eabi/lib/thumb/v7e-m/fpv4-sp/hard\libc.a(lib_a-strtod.o)
                0x08008eac                _strtod_r
 .text._strtol_l.isra.0
                0x08008ecc      0x124 c:/ac6/systemworkbench/plugins/fr.ac6.mcu.externaltools.arm-none.win32_1.16.0.201807130628/tools/compiler/bin/../lib/gcc/arm-none-eabi/7.2.1/../../../../arm-none-eabi/lib/thumb/v7e-m/fpv4-sp/hard\libc.a(lib_a-strtol.o)
 .text._strtol_r
                0x08008ff0       0x24 c:/ac6/systemworkbench/plugins/fr.ac6.mcu.externaltools.arm-none.win32_1.16.0.201807130628/tools/compiler/bin/../lib/gcc/arm-none-eabi/7.2.1/../../../../arm-none-eabi/lib/thumb/v7e-m/fpv4-sp/hard\libc.a(lib_a-strtol.o)
                0x08008ff0                _strtol_r
 .text._strtoll_l.isra.0
                0x08009014      0x19c c:/ac6/systemworkbench/plugins/fr.ac6.mcu.externaltools.arm-none.win32_1.16.0.201807130628/tools/compiler/bin/../lib/gcc/arm-none-eabi/7.2.1/../../../../arm-none-eabi/lib/thumb/v7e-m/fpv4-sp/hard\libc.a(lib_a-strtoll.o)
 .text._strtoll_r
                0x080091b0       0x24 c:/ac6/systemworkbench/plugins/fr.ac6.mcu.externaltools.arm-none.win32_1.16.0.201807130628/tools/compiler/bin/../lib/gcc/arm-none-eabi/7.2.1/../../../../arm-none-eabi/lib/thumb/v7e-m/fpv4-sp/hard\libc.a(lib_a-strtoll.o)
                0x080091b0                _strtoll_r
 .text._strtoul_l.isra.0
                0x080091d4      0x14c c:/ac6/systemworkbench/plugins/fr.ac6.mcu.externaltools.arm-none.win32_1.16.0.201807130628/tools/compiler/bin/../lib/gcc/arm-none-eabi/7.2.1/../../../../arm-none-eabi/lib/thumb/v7e-m/fpv4-sp/hard\libc.a(lib_a-strtoul.o)
 .text._strtoul_r
                0x08009320       0x24 c:/ac6/systemworkbench/plugins/fr.ac6.mcu.externaltools.arm-none.win32_1.16.0.201807130628/tools/compiler/bin/../lib/gcc/arm-none-eabi/7.2.1/../../../../arm-none-eabi/lib/thumb/v7e-m/fpv4-sp/hard\libc.a(lib_a-strtoul.o)
                0x08009320                _strtoul_r
 .text._strtoull_l.isra.0
                0x08009344      0x1cc c:/ac6/systemworkbench/plugins/fr.ac6.mcu.externaltools.arm-none.win32_1.16.0.201807130628/tools/compiler/bin/../lib/gcc/arm-none-eabi/7.2.1/../../../../arm-none-eabi/lib/thumb/v7e-m/fpv4-sp/hard\libc.a(lib_a-strtoull.o)
 .text._strtoull_r
                0x08009510       0x24 c:/ac6/systemworkbench/plugins/fr.ac6.mcu.externaltools.arm-none.win32_1.16.0.201807130628/tools/compiler/bin/../lib/gcc/arm-none-eabi/7.2.1/../../../../arm-none-eabi/lib/thumb/v7e-m/fpv4-sp/hard\libc.a(lib_a-strtoull.o)
                0x08009510                _strtoull_r
 .text.__ssprint_r
                0x08009534       0xf4 c:/ac6/systemworkbench/plugins/fr.ac6.mcu.externaltools.arm-none.win32_1.16.0.201807130628/tools/compiler/bin/../lib/gcc/arm-none-eabi/7.2.1/../../../../arm-none-eabi/lib/thumb/v7e-m/fpv4-sp/hard\libc.a(lib_a-svfiprintf.o)
                0x08009534                __ssprint_r
 .text._sungetc_r
                0x08009628       0x7c c:/ac6/systemworkbench/plugins/fr.ac6.mcu.externaltools.arm-none.win32_1.16.0.201807130628/tools/compiler/bin/../lib/gcc/arm-none-eabi/7.2.1/../../../../arm-none-eabi/lib/thumb/v7e-m/fpv4-sp/hard\libc.a(lib_a-svfiscanf.o)
                0x08009628                _sungetc_r
 .text.__ssrefill_r
                0x080096a4       0x3c c:/ac6/systemworkbench/plugins/fr.ac6.mcu.externaltools.arm-none.win32_1.16.0.201807130628/tools/compiler/bin/../lib/gcc/arm-none-eabi/7.2.1/../../../../arm-none-eabi/lib/thumb/v7e-m/fpv4-sp/hard\libc.a(lib_a-svfiscanf.o)
                0x080096a4                __ssrefill_r
 .text._sfread_r
                0x080096e0       0x78 c:/ac6/systemworkbench/plugins/fr.ac6.mcu.externaltools.arm-none.win32_1.16.0.201807130628/tools/compiler/bin/../lib/gcc/arm-none-eabi/7.2.1/../../../../arm-none-eabi/lib/thumb/v7e-m/fpv4-sp/hard\libc.a(lib_a-svfiscanf.o)
                0x080096e0                _sfread_r
 .text.__submore
                0x08009758       0x78 c:/ac6/systemworkbench/plugins/fr.ac6.mcu.externaltools.arm-none.win32_1.16.0.201807130628/tools/compiler/bin/../lib/gcc/arm-none-eabi/7.2.1/../../../../arm-none-eabi/lib/thumb/v7e-m/fpv4-sp/hard\libc.a(lib_a-ungetc.o)
                0x08009758                __submore
 .text.__ascii_wctomb
                0x080097d0       0x1c c:/ac6/systemworkbench/plugins/fr.ac6.mcu.externaltools.arm-none.win32_1.16.0.201807130628/tools/compiler/bin/../lib/gcc/arm-none-eabi/7.2.1/../../../../arm-none-eabi/lib/thumb/v7e-m/fpv4-sp/hard\libc.a(lib_a-wctomb_r.o)
                0x080097d0                __ascii_wctomb
 .text.__register_exitproc
                0x080097ec       0xc0 c:/ac6/systemworkbench/plugins/fr.ac6.mcu.externaltools.arm-none.win32_1.16.0.201807130628/tools/compiler/bin/../lib/gcc/arm-none-eabi/7.2.1/../../../../arm-none-eabi/lib/thumb/v7e-m/fpv4-sp/hard\libc.a(lib_a-__atexit.o)
                0x080097ec                __register_exitproc
 .text._calloc_r
                0x080098ac       0x68 c:/ac6/systemworkbench/plugins/fr.ac6.mcu.externaltools.arm-none.win32_1.16.0.201807130628/tools/compiler/bin/../lib/gcc/arm-none-eabi/7.2.1/../../../../arm-none-eabi/lib/thumb/v7e-m/fpv4-sp/hard\libc.a(lib_a-callocr.o)
                0x080098ac                _calloc_r
 .text._malloc_trim_r
                0x08009914       0xa0 c:/ac6/systemworkbench/plugins/fr.ac6.mcu.externaltools.arm-none.win32_1.16.0.201807130628/tools/compiler/bin/../lib/gcc/arm-none-eabi/7.2.1/../../../../arm-none-eabi/lib/thumb/v7e-m/fpv4-sp/hard\libc.a(lib_a-freer.o)
                0x08009914                _malloc_trim_r
 .text._free_r  0x080099b4      0x1e8 c:/ac6/systemworkbench/plugins/fr.ac6.mcu.externaltools.arm-none.win32_1.16.0.201807130628/tools/compiler/bin/../lib/gcc/arm-none-eabi/7.2.1/../../../../arm-none-eabi/lib/thumb/v7e-m/fpv4-sp/hard\libc.a(lib_a-freer.o)
                0x080099b4                _free_r
 .text.rshift   0x08009b9c       0xb0 c:/ac6/systemworkbench/plugins/fr.ac6.mcu.externaltools.arm-none.win32_1.16.0.201807130628/tools/compiler/bin/../lib/gcc/arm-none-eabi/7.2.1/../../../../arm-none-eabi/lib/thumb/v7e-m/fpv4-sp/hard\libc.a(lib_a-gdtoa-gethex.o)
 .text.__gethex
                0x08009c4c      0x520 c:/ac6/systemworkbench/plugins/fr.ac6.mcu.externaltools.arm-none.win32_1.16.0.201807130628/tools/compiler/bin/../lib/gcc/arm-none-eabi/7.2.1/../../../../arm-none-eabi/lib/thumb/v7e-m/fpv4-sp/hard\libc.a(lib_a-gdtoa-gethex.o)
                0x08009c4c                __gethex
 .text.__match  0x0800a16c       0x30 c:/ac6/systemworkbench/plugins/fr.ac6.mcu.externaltools.arm-none.win32_1.16.0.201807130628/tools/compiler/bin/../lib/gcc/arm-none-eabi/7.2.1/../../../../arm-none-eabi/lib/thumb/v7e-m/fpv4-sp/hard\libc.a(lib_a-gdtoa-hexnan.o)
                0x0800a16c                __match
 .text.__hexnan
                0x0800a19c      0x1a0 c:/ac6/systemworkbench/plugins/fr.ac6.mcu.externaltools.arm-none.win32_1.16.0.201807130628/tools/compiler/bin/../lib/gcc/arm-none-eabi/7.2.1/../../../../arm-none-eabi/lib/thumb/v7e-m/fpv4-sp/hard\libc.a(lib_a-gdtoa-hexnan.o)
                0x0800a19c                __hexnan
 .text.memmove  0x0800a33c       0xc8 c:/ac6/systemworkbench/plugins/fr.ac6.mcu.externaltools.arm-none.win32_1.16.0.201807130628/tools/compiler/bin/../lib/gcc/arm-none-eabi/7.2.1/../../../../arm-none-eabi/lib/thumb/v7e-m/fpv4-sp/hard\libc.a(lib_a-memmove.o)
                0x0800a33c                memmove
 .text._realloc_r
                0x0800a404      0x35c c:/ac6/systemworkbench/plugins/fr.ac6.mcu.externaltools.arm-none.win32_1.16.0.201807130628/tools/compiler/bin/../lib/gcc/arm-none-eabi/7.2.1/../../../../arm-none-eabi/lib/thumb/v7e-m/fpv4-sp/hard\libc.a(lib_a-reallocr.o)
                0x0800a404                _realloc_r
 .text.strncmp  0x0800a760       0x98 c:/ac6/systemworkbench/plugins/fr.ac6.mcu.externaltools.arm-none.win32_1.16.0.201807130628/tools/compiler/bin/../lib/gcc/arm-none-eabi/7.2.1/../../../../arm-none-eabi/lib/thumb/v7e-m/fpv4-sp/hard\libc.a(lib_a-strncmp.o)
                0x0800a760                strncmp
 *(.glue_7)
 .glue_7        0x0800a7f8        0x0 linker stubs
 *(.glue_7t)
 .glue_7t       0x0800a7f8        0x0 linker stubs
 *(.eh_frame)
 .eh_frame      0x0800a7f8        0x0 c:/ac6/systemworkbench/plugins/fr.ac6.mcu.externaltools.arm-none.win32_1.16.0.201807130628/tools/compiler/bin/../lib/gcc/arm-none-eabi/7.2.1/thumb/v7e-m/fpv4-sp/hard/crtbegin.o
 *(.init)
 .init          0x0800a7f8        0x4 c:/ac6/systemworkbench/plugins/fr.ac6.mcu.externaltools.arm-none.win32_1.16.0.201807130628/tools/compiler/bin/../lib/gcc/arm-none-eabi/7.2.1/thumb/v7e-m/fpv4-sp/hard/crti.o
                0x0800a7f8                _init
 .init          0x0800a7fc        0x8 c:/ac6/systemworkbench/plugins/fr.ac6.mcu.externaltools.arm-none.win32_1.16.0.201807130628/tools/compiler/bin/../lib/gcc/arm-none-eabi/7.2.1/thumb/v7e-m/fpv4-sp/hard/crtn.o
 *(.fini)
 .fini          0x0800a804        0x4 c:/ac6/systemworkbench/plugins/fr.ac6.mcu.externaltools.arm-none.win32_1.16.0.201807130628/tools/compiler/bin/../lib/gcc/arm-none-eabi/7.2.1/thumb/v7e-m/fpv4-sp/hard/crti.o
                0x0800a804                _fini
 .fini          0x0800a808        0x8 c:/ac6/systemworkbench/plugins/fr.ac6.mcu.externaltools.arm-none.win32_1.16.0.201807130628/tools/compiler/bin/../lib/gcc/arm-none-eabi/7.2.1/thumb/v7e-m/fpv4-sp/hard/crtn.o
                0x0800a810                . = ALIGN (0x4)
                0x0800a810                _etext = .

.vfp11_veneer   0x0800a810        0x0
 .vfp11_veneer  0x0800a810        0x0 linker stubs

.v4_bx          0x0800a810        0x0
 .v4_bx         0x0800a810        0x0 linker stubs

.iplt           0x0800a810        0x0
 .iplt          0x0800a810        0x0 c:/ac6/systemworkbench/plugins/fr.ac6.mcu.externaltools.arm-none.win32_1.16.0.201807130628/tools/compiler/bin/../lib/gcc/arm-none-eabi/7.2.1/thumb/v7e-m/fpv4-sp/hard/crtbegin.o

.rodata         0x0800a810      0x4e4
                0x0800a810                . = ALIGN (0x4)
 *(.rodata)
 .rodata        0x0800a810       0xc9 src/main.o
 *(.rodata*)
 *fill*         0x0800a8d9        0x3 
 .rodata._global_impure_ptr
                0x0800a8dc        0x4 c:/ac6/systemworkbench/plugins/fr.ac6.mcu.externaltools.arm-none.win32_1.16.0.201807130628/tools/compiler/bin/../lib/gcc/arm-none-eabi/7.2.1/../../../../arm-none-eabi/lib/thumb/v7e-m/fpv4-sp/hard\libc.a(lib_a-impure.o)
                0x0800a8dc                _global_impure_ptr
 .rodata._svfprintf_r.str1.4
                0x0800a8e0       0x42 c:/ac6/systemworkbench/plugins/fr.ac6.mcu.externaltools.arm-none.win32_1.16.0.201807130628/tools/compiler/bin/../lib/gcc/arm-none-eabi/7.2.1/../../../../arm-none-eabi/lib/thumb/v7e-m/fpv4-sp/hard\libc.a(lib_a-svfprintf.o)
 *fill*         0x0800a922        0x2 
 .rodata.blanks.8551
                0x0800a924       0x10 c:/ac6/systemworkbench/plugins/fr.ac6.mcu.externaltools.arm-none.win32_1.16.0.201807130628/tools/compiler/bin/../lib/gcc/arm-none-eabi/7.2.1/../../../../arm-none-eabi/lib/thumb/v7e-m/fpv4-sp/hard\libc.a(lib_a-svfprintf.o)
 .rodata.zeroes.8552
                0x0800a934       0x10 c:/ac6/systemworkbench/plugins/fr.ac6.mcu.externaltools.arm-none.win32_1.16.0.201807130628/tools/compiler/bin/../lib/gcc/arm-none-eabi/7.2.1/../../../../arm-none-eabi/lib/thumb/v7e-m/fpv4-sp/hard\libc.a(lib_a-svfprintf.o)
 .rodata.__ssvfscanf_r.str1.4
                0x0800a944        0x5 c:/ac6/systemworkbench/plugins/fr.ac6.mcu.externaltools.arm-none.win32_1.16.0.201807130628/tools/compiler/bin/../lib/gcc/arm-none-eabi/7.2.1/../../../../arm-none-eabi/lib/thumb/v7e-m/fpv4-sp/hard\libc.a(lib_a-svfscanf.o)
 *fill*         0x0800a949        0x3 
 .rodata.basefix.8622
                0x0800a94c       0x22 c:/ac6/systemworkbench/plugins/fr.ac6.mcu.externaltools.arm-none.win32_1.16.0.201807130628/tools/compiler/bin/../lib/gcc/arm-none-eabi/7.2.1/../../../../arm-none-eabi/lib/thumb/v7e-m/fpv4-sp/hard\libc.a(lib_a-svfscanf.o)
 *fill*         0x0800a96e        0x2 
 .rodata._dtoa_r.str1.4
                0x0800a970       0x10 c:/ac6/systemworkbench/plugins/fr.ac6.mcu.externaltools.arm-none.win32_1.16.0.201807130628/tools/compiler/bin/../lib/gcc/arm-none-eabi/7.2.1/../../../../arm-none-eabi/lib/thumb/v7e-m/fpv4-sp/hard\libc.a(lib_a-dtoa.o)
                                 0x12 (size before relaxing)
 .rodata._setlocale_r.str1.4
                0x0800a980        0xa c:/ac6/systemworkbench/plugins/fr.ac6.mcu.externaltools.arm-none.win32_1.16.0.201807130628/tools/compiler/bin/../lib/gcc/arm-none-eabi/7.2.1/../../../../arm-none-eabi/lib/thumb/v7e-m/fpv4-sp/hard\libc.a(lib_a-locale.o)
                                  0xd (size before relaxing)
 *fill*         0x0800a98a        0x2 
 .rodata.str1.4
                0x0800a98c        0x2 c:/ac6/systemworkbench/plugins/fr.ac6.mcu.externaltools.arm-none.win32_1.16.0.201807130628/tools/compiler/bin/../lib/gcc/arm-none-eabi/7.2.1/../../../../arm-none-eabi/lib/thumb/v7e-m/fpv4-sp/hard\libc.a(lib_a-locale.o)
 .rodata._mbrtowc_r.str1.4
                0x0800a98e        0x1 c:/ac6/systemworkbench/plugins/fr.ac6.mcu.externaltools.arm-none.win32_1.16.0.201807130628/tools/compiler/bin/../lib/gcc/arm-none-eabi/7.2.1/../../../../arm-none-eabi/lib/thumb/v7e-m/fpv4-sp/hard\libc.a(lib_a-mbrtowc.o)
 *fill*         0x0800a98e        0x2 
 .rodata.__mprec_bigtens
                0x0800a990       0x28 c:/ac6/systemworkbench/plugins/fr.ac6.mcu.externaltools.arm-none.win32_1.16.0.201807130628/tools/compiler/bin/../lib/gcc/arm-none-eabi/7.2.1/../../../../arm-none-eabi/lib/thumb/v7e-m/fpv4-sp/hard\libc.a(lib_a-mprec.o)
                0x0800a990                __mprec_bigtens
 .rodata.__mprec_tens
                0x0800a9b8       0xc8 c:/ac6/systemworkbench/plugins/fr.ac6.mcu.externaltools.arm-none.win32_1.16.0.201807130628/tools/compiler/bin/../lib/gcc/arm-none-eabi/7.2.1/../../../../arm-none-eabi/lib/thumb/v7e-m/fpv4-sp/hard\libc.a(lib_a-mprec.o)
                0x0800a9b8                __mprec_tens
 .rodata.p05.7367
                0x0800aa80        0xc c:/ac6/systemworkbench/plugins/fr.ac6.mcu.externaltools.arm-none.win32_1.16.0.201807130628/tools/compiler/bin/../lib/gcc/arm-none-eabi/7.2.1/../../../../arm-none-eabi/lib/thumb/v7e-m/fpv4-sp/hard\libc.a(lib_a-mprec.o)
 .rodata._strtod_l.str1.4
                0x0800aa8c       0x10 c:/ac6/systemworkbench/plugins/fr.ac6.mcu.externaltools.arm-none.win32_1.16.0.201807130628/tools/compiler/bin/../lib/gcc/arm-none-eabi/7.2.1/../../../../arm-none-eabi/lib/thumb/v7e-m/fpv4-sp/hard\libc.a(lib_a-strtod.o)
                                  0xf (size before relaxing)
 .rodata.fpi.7443
                0x0800aa9c       0x14 c:/ac6/systemworkbench/plugins/fr.ac6.mcu.externaltools.arm-none.win32_1.16.0.201807130628/tools/compiler/bin/../lib/gcc/arm-none-eabi/7.2.1/../../../../arm-none-eabi/lib/thumb/v7e-m/fpv4-sp/hard\libc.a(lib_a-strtod.o)
 .rodata.fpinan.7479
                0x0800aab0       0x14 c:/ac6/systemworkbench/plugins/fr.ac6.mcu.externaltools.arm-none.win32_1.16.0.201807130628/tools/compiler/bin/../lib/gcc/arm-none-eabi/7.2.1/../../../../arm-none-eabi/lib/thumb/v7e-m/fpv4-sp/hard\libc.a(lib_a-strtod.o)
 *fill*         0x0800aac4        0x4 
 .rodata.tinytens
                0x0800aac8       0x28 c:/ac6/systemworkbench/plugins/fr.ac6.mcu.externaltools.arm-none.win32_1.16.0.201807130628/tools/compiler/bin/../lib/gcc/arm-none-eabi/7.2.1/../../../../arm-none-eabi/lib/thumb/v7e-m/fpv4-sp/hard\libc.a(lib_a-strtod.o)
 .rodata._ctype_
                0x0800aaf0      0x101 c:/ac6/systemworkbench/plugins/fr.ac6.mcu.externaltools.arm-none.win32_1.16.0.201807130628/tools/compiler/bin/../lib/gcc/arm-none-eabi/7.2.1/../../../../arm-none-eabi/lib/thumb/v7e-m/fpv4-sp/hard\libc.a(lib_a-ctype_.o)
                0x0800aaf0                _ctype_
 *fill*         0x0800abf1        0x3 
 .rodata.__hexdig
                0x0800abf4      0x100 c:/ac6/systemworkbench/plugins/fr.ac6.mcu.externaltools.arm-none.win32_1.16.0.201807130628/tools/compiler/bin/../lib/gcc/arm-none-eabi/7.2.1/../../../../arm-none-eabi/lib/thumb/v7e-m/fpv4-sp/hard\libc.a(lib_a-gdtoa-gethex.o)
                0x0800abf4                __hexdig
                0x0800acf4                . = ALIGN (0x4)

.ARM.extab      0x0800acf4        0x0
                0x0800acf4                . = ALIGN (0x4)
 *(.ARM.extab* .gnu.linkonce.armextab.*)
                0x0800acf4                . = ALIGN (0x4)

.ARM            0x0800acf4        0x8
                0x0800acf4                . = ALIGN (0x4)
                0x0800acf4                __exidx_start = .
 *(.ARM.exidx*)
 .ARM.exidx     0x0800acf4        0x8 c:/ac6/systemworkbench/plugins/fr.ac6.mcu.externaltools.arm-none.win32_1.16.0.201807130628/tools/compiler/bin/../lib/gcc/arm-none-eabi/7.2.1/thumb/v7e-m/fpv4-sp/hard\libgcc.a(_udivmoddi4.o)
                0x0800acfc                __exidx_end = .
                0x0800acfc                . = ALIGN (0x4)

.rel.dyn        0x0800acfc        0x0
 .rel.iplt      0x0800acfc        0x0 c:/ac6/systemworkbench/plugins/fr.ac6.mcu.externaltools.arm-none.win32_1.16.0.201807130628/tools/compiler/bin/../lib/gcc/arm-none-eabi/7.2.1/thumb/v7e-m/fpv4-sp/hard/crtbegin.o

.preinit_array  0x0800acfc        0x0
                0x0800acfc                . = ALIGN (0x4)
                0x0800acfc                PROVIDE (__preinit_array_start, .)
 *(.preinit_array*)
                0x0800acfc                PROVIDE (__preinit_array_end, .)
                0x0800acfc                . = ALIGN (0x4)

.init_array     0x0800acfc        0x8
                0x0800acfc                . = ALIGN (0x4)
                0x0800acfc                PROVIDE (__init_array_start, .)
 *(SORT_BY_NAME(.init_array.*))
 .init_array.00000
                0x0800acfc        0x4 c:/ac6/systemworkbench/plugins/fr.ac6.mcu.externaltools.arm-none.win32_1.16.0.201807130628/tools/compiler/bin/../lib/gcc/arm-none-eabi/7.2.1/../../../../arm-none-eabi/lib/thumb/v7e-m/fpv4-sp/hard\libc.a(lib_a-__call_atexit.o)
 *(.init_array*)
 .init_array    0x0800ad00        0x4 c:/ac6/systemworkbench/plugins/fr.ac6.mcu.externaltools.arm-none.win32_1.16.0.201807130628/tools/compiler/bin/../lib/gcc/arm-none-eabi/7.2.1/thumb/v7e-m/fpv4-sp/hard/crtbegin.o
                0x0800ad04                PROVIDE (__init_array_end, .)
                0x0800ad04                . = ALIGN (0x4)

.fini_array     0x0800ad04        0x4
                0x0800ad04                . = ALIGN (0x4)
                0x0800ad04                PROVIDE (__fini_array_start, .)
 *(SORT_BY_NAME(.fini_array.*))
 *(.fini_array*)
 .fini_array    0x0800ad04        0x4 c:/ac6/systemworkbench/plugins/fr.ac6.mcu.externaltools.arm-none.win32_1.16.0.201807130628/tools/compiler/bin/../lib/gcc/arm-none-eabi/7.2.1/thumb/v7e-m/fpv4-sp/hard/crtbegin.o
                0x0800ad08                PROVIDE (__fini_array_end, .)
                0x0800ad08                . = ALIGN (0x4)
                0x0800ad08                _sidata = LOADADDR (.data)

.data           0x20000000      0xa78 load address 0x0800ad08
                0x20000000                . = ALIGN (0x4)
                0x20000000                _sdata = .
 *(.data)
 .data          0x20000000       0x10 StdPeriph_Driver/src/stm32f4xx_rcc.o
 .data          0x20000010       0x48 src/main.o
                0x20000010                Num7Segs
                0x2000004c                elevator_direction
                0x20000050                elevator_state
                0x20000054                title_floor
 .data          0x20000058       0x14 src/system_stm32f4xx.o
                0x20000058                SystemCoreClock
                0x2000005c                AHBPrescTable
 .data          0x2000006c       0x60 src/tm_stm32f4_usart.o
                0x2000006c                TM_USART1
                0x2000007c                TM_USART2
                0x2000008c                TM_USART3
                0x2000009c                TM_UART4
                0x200000ac                TM_UART5
                0x200000bc                TM_USART6
 *(.data*)
 .data._impure_ptr
                0x200000cc        0x4 c:/ac6/systemworkbench/plugins/fr.ac6.mcu.externaltools.arm-none.win32_1.16.0.201807130628/tools/compiler/bin/../lib/gcc/arm-none-eabi/7.2.1/../../../../arm-none-eabi/lib/thumb/v7e-m/fpv4-sp/hard\libc.a(lib_a-impure.o)
                0x200000cc                _impure_ptr
 .data.impure_data
                0x200000d0      0x428 c:/ac6/systemworkbench/plugins/fr.ac6.mcu.externaltools.arm-none.win32_1.16.0.201807130628/tools/compiler/bin/../lib/gcc/arm-none-eabi/7.2.1/../../../../arm-none-eabi/lib/thumb/v7e-m/fpv4-sp/hard\libc.a(lib_a-impure.o)
 .data.__atexit_recursive_mutex
                0x200004f8        0x4 c:/ac6/systemworkbench/plugins/fr.ac6.mcu.externaltools.arm-none.win32_1.16.0.201807130628/tools/compiler/bin/../lib/gcc/arm-none-eabi/7.2.1/../../../../arm-none-eabi/lib/thumb/v7e-m/fpv4-sp/hard\libc.a(lib_a-__call_atexit.o)
                0x200004f8                __atexit_recursive_mutex
 .data.__global_locale
                0x200004fc      0x16c c:/ac6/systemworkbench/plugins/fr.ac6.mcu.externaltools.arm-none.win32_1.16.0.201807130628/tools/compiler/bin/../lib/gcc/arm-none-eabi/7.2.1/../../../../arm-none-eabi/lib/thumb/v7e-m/fpv4-sp/hard\libc.a(lib_a-locale.o)
                0x200004fc                __global_locale
 .data.__malloc_av_
                0x20000668      0x408 c:/ac6/systemworkbench/plugins/fr.ac6.mcu.externaltools.arm-none.win32_1.16.0.201807130628/tools/compiler/bin/../lib/gcc/arm-none-eabi/7.2.1/../../../../arm-none-eabi/lib/thumb/v7e-m/fpv4-sp/hard\libc.a(lib_a-mallocr.o)
                0x20000668                __malloc_av_
 .data.__malloc_sbrk_base
                0x20000a70        0x4 c:/ac6/systemworkbench/plugins/fr.ac6.mcu.externaltools.arm-none.win32_1.16.0.201807130628/tools/compiler/bin/../lib/gcc/arm-none-eabi/7.2.1/../../../../arm-none-eabi/lib/thumb/v7e-m/fpv4-sp/hard\libc.a(lib_a-mallocr.o)
                0x20000a70                __malloc_sbrk_base
 .data.__malloc_trim_threshold
                0x20000a74        0x4 c:/ac6/systemworkbench/plugins/fr.ac6.mcu.externaltools.arm-none.win32_1.16.0.201807130628/tools/compiler/bin/../lib/gcc/arm-none-eabi/7.2.1/../../../../arm-none-eabi/lib/thumb/v7e-m/fpv4-sp/hard\libc.a(lib_a-mallocr.o)
                0x20000a74                __malloc_trim_threshold
                0x20000a78                . = ALIGN (0x4)
                0x20000a78                _edata = .

.igot.plt       0x20000a78        0x0 load address 0x0800b780
 .igot.plt      0x20000a78        0x0 c:/ac6/systemworkbench/plugins/fr.ac6.mcu.externaltools.arm-none.win32_1.16.0.201807130628/tools/compiler/bin/../lib/gcc/arm-none-eabi/7.2.1/thumb/v7e-m/fpv4-sp/hard/crtbegin.o
                0x20000a78                . = ALIGN (0x4)

.bss            0x20000a78      0x364 load address 0x0800b780
                0x20000a78                _sbss = .
                0x20000a78                __bss_start__ = _sbss
 *(.bss)
 .bss           0x20000a78       0x1c c:/ac6/systemworkbench/plugins/fr.ac6.mcu.externaltools.arm-none.win32_1.16.0.201807130628/tools/compiler/bin/../lib/gcc/arm-none-eabi/7.2.1/thumb/v7e-m/fpv4-sp/hard/crtbegin.o
 .bss           0x20000a94      0x10c src/main.o
                0x20000a94                msec
                0x20000a98                key
                0x20000a9c                buf
                0x20000ab0                buf2
                0x20000ac4                elevator_floor
                0x20000b0c                elevator_dest
                0x20000b10                motor_current_time
                0x20000b14                adc
                0x20000b18                key_num_updown
                0x20000b1c                door_char
                0x20000b20                bufsize
                0x20000b24                title_input
                0x20000b9c                app_direct
 .bss           0x20000ba0        0x8 src/syscalls.o
                0x20000ba0                __env
 .bss           0x20000ba8       0x16 src/tm_stm32f4_gpio.o
 *(.bss*)
 *fill*         0x20000bbe        0x2 
 .bss.__malloc_current_mallinfo
                0x20000bc0       0x28 c:/ac6/systemworkbench/plugins/fr.ac6.mcu.externaltools.arm-none.win32_1.16.0.201807130628/tools/compiler/bin/../lib/gcc/arm-none-eabi/7.2.1/../../../../arm-none-eabi/lib/thumb/v7e-m/fpv4-sp/hard\libc.a(lib_a-mallocr.o)
                0x20000bc0                __malloc_current_mallinfo
 .bss.__malloc_max_sbrked_mem
                0x20000be8        0x4 c:/ac6/systemworkbench/plugins/fr.ac6.mcu.externaltools.arm-none.win32_1.16.0.201807130628/tools/compiler/bin/../lib/gcc/arm-none-eabi/7.2.1/../../../../arm-none-eabi/lib/thumb/v7e-m/fpv4-sp/hard\libc.a(lib_a-mallocr.o)
                0x20000be8                __malloc_max_sbrked_mem
 .bss.__malloc_max_total_mem
                0x20000bec        0x4 c:/ac6/systemworkbench/plugins/fr.ac6.mcu.externaltools.arm-none.win32_1.16.0.201807130628/tools/compiler/bin/../lib/gcc/arm-none-eabi/7.2.1/../../../../arm-none-eabi/lib/thumb/v7e-m/fpv4-sp/hard\libc.a(lib_a-mallocr.o)
                0x20000bec                __malloc_max_total_mem
 .bss.__malloc_top_pad
                0x20000bf0        0x4 c:/ac6/systemworkbench/plugins/fr.ac6.mcu.externaltools.arm-none.win32_1.16.0.201807130628/tools/compiler/bin/../lib/gcc/arm-none-eabi/7.2.1/../../../../arm-none-eabi/lib/thumb/v7e-m/fpv4-sp/hard\libc.a(lib_a-mallocr.o)
                0x20000bf0                __malloc_top_pad
 *(COMMON)
 COMMON         0x20000bf4       0xff src/main.o
                0x20000bf4                inputbuf
 *fill*         0x20000cf3        0x1 
 COMMON         0x20000cf4       0xc0 src/tm_stm32f4_usart.o
                0x20000cf4                TM_UART5_Buffer
                0x20000d14                TM_USART6_Buffer
                0x20000d34                TM_USART3_Buffer
                0x20000d54                TM_USART2_Buffer
                0x20000d74                TM_USART1_Buffer
                0x20000d94                TM_UART4_Buffer
 COMMON         0x20000db4       0x21 c:/ac6/systemworkbench/plugins/fr.ac6.mcu.externaltools.arm-none.win32_1.16.0.201807130628/tools/compiler/bin/../lib/gcc/arm-none-eabi/7.2.1/../../../../arm-none-eabi/lib/thumb/v7e-m/fpv4-sp/hard\libc.a(lib_a-lock.o)
                0x20000db4                __lock___atexit_recursive_mutex
                0x20000db8                __lock___arc4random_mutex
                0x20000dbc                __lock___env_recursive_mutex
                0x20000dc0                __lock___sinit_recursive_mutex
                0x20000dc4                __lock___malloc_recursive_mutex
                0x20000dc8                __lock___at_quick_exit_mutex
                0x20000dcc                __lock___dd_hash_mutex
                0x20000dd0                __lock___tz_mutex
                0x20000dd4                __lock___sfp_recursive_mutex
 *fill*         0x20000dd5        0x3 
 COMMON         0x20000dd8        0x4 c:/ac6/systemworkbench/plugins/fr.ac6.mcu.externaltools.arm-none.win32_1.16.0.201807130628/tools/compiler/bin/../lib/gcc/arm-none-eabi/7.2.1/../../../../arm-none-eabi/lib/thumb/v7e-m/fpv4-sp/hard\libc.a(lib_a-reent.o)
                0x20000dd8                errno
                0x20000ddc                . = ALIGN (0x4)
                0x20000ddc                _ebss = .
                0x20000ddc                __bss_end__ = _ebss

._user_heap_stack
                0x20000ddc      0x404 load address 0x0800b780
                0x20000de0                . = ALIGN (0x8)
 *fill*         0x20000ddc        0x4 
                0x20000de0                PROVIDE (end, .)
                [!provide]                PROVIDE (_end, .)
                0x20000de0                . = (. + _Min_Heap_Size)
                0x200011e0                . = (. + _Min_Stack_Size)
 *fill*         0x20000de0      0x400 
                0x200011e0                . = ALIGN (0x8)

/DISCARD/
 libc.a(*)
 libm.a(*)
 libgcc.a(*)

.ARM.attributes
                0x00000000       0x30
 *(.ARM.attributes)
 .ARM.attributes
                0x00000000       0x22 c:/ac6/systemworkbench/plugins/fr.ac6.mcu.externaltools.arm-none.win32_1.16.0.201807130628/tools/compiler/bin/../lib/gcc/arm-none-eabi/7.2.1/thumb/v7e-m/fpv4-sp/hard/crti.o
 .ARM.attributes
                0x00000022       0x34 c:/ac6/systemworkbench/plugins/fr.ac6.mcu.externaltools.arm-none.win32_1.16.0.201807130628/tools/compiler/bin/../lib/gcc/arm-none-eabi/7.2.1/thumb/v7e-m/fpv4-sp/hard/crtbegin.o
 .ARM.attributes
                0x00000056       0x39 StdPeriph_Driver/src/misc.o
 .ARM.attributes
                0x0000008f       0x39 StdPeriph_Driver/src/stm32f4xx_adc.o
 .ARM.attributes
                0x000000c8       0x39 StdPeriph_Driver/src/stm32f4xx_flash.o
 .ARM.attributes
                0x00000101       0x39 StdPeriph_Driver/src/stm32f4xx_gpio.o
 .ARM.attributes
                0x0000013a       0x39 StdPeriph_Driver/src/stm32f4xx_rcc.o
 .ARM.attributes
                0x00000173       0x39 StdPeriph_Driver/src/stm32f4xx_usart.o
 .ARM.attributes
                0x000001ac       0x39 src/main.o
 .ARM.attributes
                0x000001e5       0x39 src/syscalls.o
 .ARM.attributes
                0x0000021e       0x39 src/system_stm32f4xx.o
 .ARM.attributes
                0x00000257       0x39 src/tm_stm32f4_gpio.o
 .ARM.attributes
                0x00000290       0x39 src/tm_stm32f4_usart.o
 .ARM.attributes
                0x000002c9       0x21 startup/startup_stm32.o
 .ARM.attributes
                0x000002ea       0x34 c:/ac6/systemworkbench/plugins/fr.ac6.mcu.externaltools.arm-none.win32_1.16.0.201807130628/tools/compiler/bin/../lib/gcc/arm-none-eabi/7.2.1/../../../../arm-none-eabi/lib/thumb/v7e-m/fpv4-sp/hard\libc.a(lib_a-errno.o)
 .ARM.attributes
                0x0000031e       0x34 c:/ac6/systemworkbench/plugins/fr.ac6.mcu.externaltools.arm-none.win32_1.16.0.201807130628/tools/compiler/bin/../lib/gcc/arm-none-eabi/7.2.1/../../../../arm-none-eabi/lib/thumb/v7e-m/fpv4-sp/hard\libc.a(lib_a-impure.o)
 .ARM.attributes
                0x00000352       0x34 c:/ac6/systemworkbench/plugins/fr.ac6.mcu.externaltools.arm-none.win32_1.16.0.201807130628/tools/compiler/bin/../lib/gcc/arm-none-eabi/7.2.1/../../../../arm-none-eabi/lib/thumb/v7e-m/fpv4-sp/hard\libc.a(lib_a-init.o)
 .ARM.attributes
                0x00000386       0x20 c:/ac6/systemworkbench/plugins/fr.ac6.mcu.externaltools.arm-none.win32_1.16.0.201807130628/tools/compiler/bin/../lib/gcc/arm-none-eabi/7.2.1/../../../../arm-none-eabi/lib/thumb/v7e-m/fpv4-sp/hard\libc.a(lib_a-memcpy.o)
 .ARM.attributes
                0x000003a6       0x34 c:/ac6/systemworkbench/plugins/fr.ac6.mcu.externaltools.arm-none.win32_1.16.0.201807130628/tools/compiler/bin/../lib/gcc/arm-none-eabi/7.2.1/../../../../arm-none-eabi/lib/thumb/v7e-m/fpv4-sp/hard\libc.a(lib_a-memset.o)
 .ARM.attributes
                0x000003da       0x34 c:/ac6/systemworkbench/plugins/fr.ac6.mcu.externaltools.arm-none.win32_1.16.0.201807130628/tools/compiler/bin/../lib/gcc/arm-none-eabi/7.2.1/../../../../arm-none-eabi/lib/thumb/v7e-m/fpv4-sp/hard\libc.a(lib_a-sprintf.o)
 .ARM.attributes
                0x0000040e       0x34 c:/ac6/systemworkbench/plugins/fr.ac6.mcu.externaltools.arm-none.win32_1.16.0.201807130628/tools/compiler/bin/../lib/gcc/arm-none-eabi/7.2.1/../../../../arm-none-eabi/lib/thumb/v7e-m/fpv4-sp/hard\libc.a(lib_a-sscanf.o)
 .ARM.attributes
                0x00000442       0x34 c:/ac6/systemworkbench/plugins/fr.ac6.mcu.externaltools.arm-none.win32_1.16.0.201807130628/tools/compiler/bin/../lib/gcc/arm-none-eabi/7.2.1/../../../../arm-none-eabi/lib/thumb/v7e-m/fpv4-sp/hard\libc.a(lib_a-stdio.o)
 .ARM.attributes
                0x00000476       0x20 c:/ac6/systemworkbench/plugins/fr.ac6.mcu.externaltools.arm-none.win32_1.16.0.201807130628/tools/compiler/bin/../lib/gcc/arm-none-eabi/7.2.1/../../../../arm-none-eabi/lib/thumb/v7e-m/fpv4-sp/hard\libc.a(lib_a-strlen.o)
 .ARM.attributes
                0x00000496       0x34 c:/ac6/systemworkbench/plugins/fr.ac6.mcu.externaltools.arm-none.win32_1.16.0.201807130628/tools/compiler/bin/../lib/gcc/arm-none-eabi/7.2.1/../../../../arm-none-eabi/lib/thumb/v7e-m/fpv4-sp/hard\libc.a(lib_a-svfprintf.o)
 .ARM.attributes
                0x000004ca       0x34 c:/ac6/systemworkbench/plugins/fr.ac6.mcu.externaltools.arm-none.win32_1.16.0.201807130628/tools/compiler/bin/../lib/gcc/arm-none-eabi/7.2.1/../../../../arm-none-eabi/lib/thumb/v7e-m/fpv4-sp/hard\libc.a(lib_a-svfscanf.o)
 .ARM.attributes
                0x000004fe       0x34 c:/ac6/systemworkbench/plugins/fr.ac6.mcu.externaltools.arm-none.win32_1.16.0.201807130628/tools/compiler/bin/../lib/gcc/arm-none-eabi/7.2.1/../../../../arm-none-eabi/lib/thumb/v7e-m/fpv4-sp/hard\libc.a(lib_a-__call_atexit.o)
 .ARM.attributes
                0x00000532       0x34 c:/ac6/systemworkbench/plugins/fr.ac6.mcu.externaltools.arm-none.win32_1.16.0.201807130628/tools/compiler/bin/../lib/gcc/arm-none-eabi/7.2.1/../../../../arm-none-eabi/lib/thumb/v7e-m/fpv4-sp/hard\libc.a(lib_a-atexit.o)
 .ARM.attributes
                0x00000566       0x34 c:/ac6/systemworkbench/plugins/fr.ac6.mcu.externaltools.arm-none.win32_1.16.0.201807130628/tools/compiler/bin/../lib/gcc/arm-none-eabi/7.2.1/../../../../arm-none-eabi/lib/thumb/v7e-m/fpv4-sp/hard\libc.a(lib_a-dtoa.o)
 .ARM.attributes
                0x0000059a       0x34 c:/ac6/systemworkbench/plugins/fr.ac6.mcu.externaltools.arm-none.win32_1.16.0.201807130628/tools/compiler/bin/../lib/gcc/arm-none-eabi/7.2.1/../../../../arm-none-eabi/lib/thumb/v7e-m/fpv4-sp/hard\libc.a(lib_a-fini.o)
 .ARM.attributes
                0x000005ce       0x34 c:/ac6/systemworkbench/plugins/fr.ac6.mcu.externaltools.arm-none.win32_1.16.0.201807130628/tools/compiler/bin/../lib/gcc/arm-none-eabi/7.2.1/../../../../arm-none-eabi/lib/thumb/v7e-m/fpv4-sp/hard\libc.a(lib_a-iswspace.o)
 .ARM.attributes
                0x00000602       0x34 c:/ac6/systemworkbench/plugins/fr.ac6.mcu.externaltools.arm-none.win32_1.16.0.201807130628/tools/compiler/bin/../lib/gcc/arm-none-eabi/7.2.1/../../../../arm-none-eabi/lib/thumb/v7e-m/fpv4-sp/hard\libc.a(lib_a-locale.o)
 .ARM.attributes
                0x00000636       0x34 c:/ac6/systemworkbench/plugins/fr.ac6.mcu.externaltools.arm-none.win32_1.16.0.201807130628/tools/compiler/bin/../lib/gcc/arm-none-eabi/7.2.1/../../../../arm-none-eabi/lib/thumb/v7e-m/fpv4-sp/hard\libc.a(lib_a-localeconv.o)
 .ARM.attributes
                0x0000066a       0x34 c:/ac6/systemworkbench/plugins/fr.ac6.mcu.externaltools.arm-none.win32_1.16.0.201807130628/tools/compiler/bin/../lib/gcc/arm-none-eabi/7.2.1/../../../../arm-none-eabi/lib/thumb/v7e-m/fpv4-sp/hard\libc.a(lib_a-lock.o)
 .ARM.attributes
                0x0000069e       0x34 c:/ac6/systemworkbench/plugins/fr.ac6.mcu.externaltools.arm-none.win32_1.16.0.201807130628/tools/compiler/bin/../lib/gcc/arm-none-eabi/7.2.1/../../../../arm-none-eabi/lib/thumb/v7e-m/fpv4-sp/hard\libc.a(lib_a-mallocr.o)
 .ARM.attributes
                0x000006d2       0x34 c:/ac6/systemworkbench/plugins/fr.ac6.mcu.externaltools.arm-none.win32_1.16.0.201807130628/tools/compiler/bin/../lib/gcc/arm-none-eabi/7.2.1/../../../../arm-none-eabi/lib/thumb/v7e-m/fpv4-sp/hard\libc.a(lib_a-mbrtowc.o)
 .ARM.attributes
                0x00000706       0x34 c:/ac6/systemworkbench/plugins/fr.ac6.mcu.externaltools.arm-none.win32_1.16.0.201807130628/tools/compiler/bin/../lib/gcc/arm-none-eabi/7.2.1/../../../../arm-none-eabi/lib/thumb/v7e-m/fpv4-sp/hard\libc.a(lib_a-mbtowc_r.o)
 .ARM.attributes
                0x0000073a       0x20 c:/ac6/systemworkbench/plugins/fr.ac6.mcu.externaltools.arm-none.win32_1.16.0.201807130628/tools/compiler/bin/../lib/gcc/arm-none-eabi/7.2.1/../../../../arm-none-eabi/lib/thumb/v7e-m/fpv4-sp/hard\libc.a(lib_a-memchr.o)
 .ARM.attributes
                0x0000075a       0x34 c:/ac6/systemworkbench/plugins/fr.ac6.mcu.externaltools.arm-none.win32_1.16.0.201807130628/tools/compiler/bin/../lib/gcc/arm-none-eabi/7.2.1/../../../../arm-none-eabi/lib/thumb/v7e-m/fpv4-sp/hard\libc.a(lib_a-mlock.o)
 .ARM.attributes
                0x0000078e       0x34 c:/ac6/systemworkbench/plugins/fr.ac6.mcu.externaltools.arm-none.win32_1.16.0.201807130628/tools/compiler/bin/../lib/gcc/arm-none-eabi/7.2.1/../../../../arm-none-eabi/lib/thumb/v7e-m/fpv4-sp/hard\libc.a(lib_a-mprec.o)
 .ARM.attributes
                0x000007c2       0x34 c:/ac6/systemworkbench/plugins/fr.ac6.mcu.externaltools.arm-none.win32_1.16.0.201807130628/tools/compiler/bin/../lib/gcc/arm-none-eabi/7.2.1/../../../../arm-none-eabi/lib/thumb/v7e-m/fpv4-sp/hard\libc.a(lib_a-reent.o)
 .ARM.attributes
                0x000007f6       0x34 c:/ac6/systemworkbench/plugins/fr.ac6.mcu.externaltools.arm-none.win32_1.16.0.201807130628/tools/compiler/bin/../lib/gcc/arm-none-eabi/7.2.1/../../../../arm-none-eabi/lib/thumb/v7e-m/fpv4-sp/hard\libc.a(lib_a-sbrkr.o)
 .ARM.attributes
                0x0000082a       0x34 c:/ac6/systemworkbench/plugins/fr.ac6.mcu.externaltools.arm-none.win32_1.16.0.201807130628/tools/compiler/bin/../lib/gcc/arm-none-eabi/7.2.1/../../../../arm-none-eabi/lib/thumb/v7e-m/fpv4-sp/hard\libc.a(lib_a-sccl.o)
 .ARM.attributes
                0x0000085e       0x34 c:/ac6/systemworkbench/plugins/fr.ac6.mcu.externaltools.arm-none.win32_1.16.0.201807130628/tools/compiler/bin/../lib/gcc/arm-none-eabi/7.2.1/../../../../arm-none-eabi/lib/thumb/v7e-m/fpv4-sp/hard\libc.a(lib_a-sf_nan.o)
 .ARM.attributes
                0x00000892       0x34 c:/ac6/systemworkbench/plugins/fr.ac6.mcu.externaltools.arm-none.win32_1.16.0.201807130628/tools/compiler/bin/../lib/gcc/arm-none-eabi/7.2.1/../../../../arm-none-eabi/lib/thumb/v7e-m/fpv4-sp/hard\libc.a(lib_a-strtod.o)
 .ARM.attributes
                0x000008c6       0x34 c:/ac6/systemworkbench/plugins/fr.ac6.mcu.externaltools.arm-none.win32_1.16.0.201807130628/tools/compiler/bin/../lib/gcc/arm-none-eabi/7.2.1/../../../../arm-none-eabi/lib/thumb/v7e-m/fpv4-sp/hard\libc.a(lib_a-strtol.o)
 .ARM.attributes
                0x000008fa       0x34 c:/ac6/systemworkbench/plugins/fr.ac6.mcu.externaltools.arm-none.win32_1.16.0.201807130628/tools/compiler/bin/../lib/gcc/arm-none-eabi/7.2.1/../../../../arm-none-eabi/lib/thumb/v7e-m/fpv4-sp/hard\libc.a(lib_a-strtoll.o)
 .ARM.attributes
                0x0000092e       0x34 c:/ac6/systemworkbench/plugins/fr.ac6.mcu.externaltools.arm-none.win32_1.16.0.201807130628/tools/compiler/bin/../lib/gcc/arm-none-eabi/7.2.1/../../../../arm-none-eabi/lib/thumb/v7e-m/fpv4-sp/hard\libc.a(lib_a-strtoul.o)
 .ARM.attributes
                0x00000962       0x34 c:/ac6/systemworkbench/plugins/fr.ac6.mcu.externaltools.arm-none.win32_1.16.0.201807130628/tools/compiler/bin/../lib/gcc/arm-none-eabi/7.2.1/../../../../arm-none-eabi/lib/thumb/v7e-m/fpv4-sp/hard\libc.a(lib_a-strtoull.o)
 .ARM.attributes
                0x00000996       0x34 c:/ac6/systemworkbench/plugins/fr.ac6.mcu.externaltools.arm-none.win32_1.16.0.201807130628/tools/compiler/bin/../lib/gcc/arm-none-eabi/7.2.1/../../../../arm-none-eabi/lib/thumb/v7e-m/fpv4-sp/hard\libc.a(lib_a-svfiprintf.o)
 .ARM.attributes
                0x000009ca       0x34 c:/ac6/systemworkbench/plugins/fr.ac6.mcu.externaltools.arm-none.win32_1.16.0.201807130628/tools/compiler/bin/../lib/gcc/arm-none-eabi/7.2.1/../../../../arm-none-eabi/lib/thumb/v7e-m/fpv4-sp/hard\libc.a(lib_a-svfiscanf.o)
 .ARM.attributes
                0x000009fe       0x34 c:/ac6/systemworkbench/plugins/fr.ac6.mcu.externaltools.arm-none.win32_1.16.0.201807130628/tools/compiler/bin/../lib/gcc/arm-none-eabi/7.2.1/../../../../arm-none-eabi/lib/thumb/v7e-m/fpv4-sp/hard\libc.a(lib_a-ungetc.o)
 .ARM.attributes
                0x00000a32       0x34 c:/ac6/systemworkbench/plugins/fr.ac6.mcu.externaltools.arm-none.win32_1.16.0.201807130628/tools/compiler/bin/../lib/gcc/arm-none-eabi/7.2.1/../../../../arm-none-eabi/lib/thumb/v7e-m/fpv4-sp/hard\libc.a(lib_a-wctomb_r.o)
 .ARM.attributes
                0x00000a66       0x34 c:/ac6/systemworkbench/plugins/fr.ac6.mcu.externaltools.arm-none.win32_1.16.0.201807130628/tools/compiler/bin/../lib/gcc/arm-none-eabi/7.2.1/../../../../arm-none-eabi/lib/thumb/v7e-m/fpv4-sp/hard\libc.a(lib_a-__atexit.o)
 .ARM.attributes
                0x00000a9a       0x34 c:/ac6/systemworkbench/plugins/fr.ac6.mcu.externaltools.arm-none.win32_1.16.0.201807130628/tools/compiler/bin/../lib/gcc/arm-none-eabi/7.2.1/../../../../arm-none-eabi/lib/thumb/v7e-m/fpv4-sp/hard\libc.a(lib_a-callocr.o)
 .ARM.attributes
                0x00000ace       0x34 c:/ac6/systemworkbench/plugins/fr.ac6.mcu.externaltools.arm-none.win32_1.16.0.201807130628/tools/compiler/bin/../lib/gcc/arm-none-eabi/7.2.1/../../../../arm-none-eabi/lib/thumb/v7e-m/fpv4-sp/hard\libc.a(lib_a-ctype_.o)
 .ARM.attributes
                0x00000b02       0x34 c:/ac6/systemworkbench/plugins/fr.ac6.mcu.externaltools.arm-none.win32_1.16.0.201807130628/tools/compiler/bin/../lib/gcc/arm-none-eabi/7.2.1/../../../../arm-none-eabi/lib/thumb/v7e-m/fpv4-sp/hard\libc.a(lib_a-freer.o)
 .ARM.attributes
                0x00000b36       0x34 c:/ac6/systemworkbench/plugins/fr.ac6.mcu.externaltools.arm-none.win32_1.16.0.201807130628/tools/compiler/bin/../lib/gcc/arm-none-eabi/7.2.1/../../../../arm-none-eabi/lib/thumb/v7e-m/fpv4-sp/hard\libc.a(lib_a-gdtoa-gethex.o)
 .ARM.attributes
                0x00000b6a       0x34 c:/ac6/systemworkbench/plugins/fr.ac6.mcu.externaltools.arm-none.win32_1.16.0.201807130628/tools/compiler/bin/../lib/gcc/arm-none-eabi/7.2.1/../../../../arm-none-eabi/lib/thumb/v7e-m/fpv4-sp/hard\libc.a(lib_a-gdtoa-hexnan.o)
 .ARM.attributes
                0x00000b9e       0x34 c:/ac6/systemworkbench/plugins/fr.ac6.mcu.externaltools.arm-none.win32_1.16.0.201807130628/tools/compiler/bin/../lib/gcc/arm-none-eabi/7.2.1/../../../../arm-none-eabi/lib/thumb/v7e-m/fpv4-sp/hard\libc.a(lib_a-memmove.o)
 .ARM.attributes
                0x00000bd2       0x34 c:/ac6/systemworkbench/plugins/fr.ac6.mcu.externaltools.arm-none.win32_1.16.0.201807130628/tools/compiler/bin/../lib/gcc/arm-none-eabi/7.2.1/../../../../arm-none-eabi/lib/thumb/v7e-m/fpv4-sp/hard\libc.a(lib_a-reallocr.o)
 .ARM.attributes
                0x00000c06       0x34 c:/ac6/systemworkbench/plugins/fr.ac6.mcu.externaltools.arm-none.win32_1.16.0.201807130628/tools/compiler/bin/../lib/gcc/arm-none-eabi/7.2.1/../../../../arm-none-eabi/lib/thumb/v7e-m/fpv4-sp/hard\libc.a(lib_a-strncmp.o)
 .ARM.attributes
                0x00000c3a       0x22 c:/ac6/systemworkbench/plugins/fr.ac6.mcu.externaltools.arm-none.win32_1.16.0.201807130628/tools/compiler/bin/../lib/gcc/arm-none-eabi/7.2.1/thumb/v7e-m/fpv4-sp/hard\libgcc.a(_arm_addsubdf3.o)
 .ARM.attributes
                0x00000c5c       0x22 c:/ac6/systemworkbench/plugins/fr.ac6.mcu.externaltools.arm-none.win32_1.16.0.201807130628/tools/compiler/bin/../lib/gcc/arm-none-eabi/7.2.1/thumb/v7e-m/fpv4-sp/hard\libgcc.a(_arm_muldivdf3.o)
 .ARM.attributes
                0x00000c7e       0x22 c:/ac6/systemworkbench/plugins/fr.ac6.mcu.externaltools.arm-none.win32_1.16.0.201807130628/tools/compiler/bin/../lib/gcc/arm-none-eabi/7.2.1/thumb/v7e-m/fpv4-sp/hard\libgcc.a(_arm_cmpdf2.o)
 .ARM.attributes
                0x00000ca0       0x22 c:/ac6/systemworkbench/plugins/fr.ac6.mcu.externaltools.arm-none.win32_1.16.0.201807130628/tools/compiler/bin/../lib/gcc/arm-none-eabi/7.2.1/thumb/v7e-m/fpv4-sp/hard\libgcc.a(_arm_unorddf2.o)
 .ARM.attributes
                0x00000cc2       0x22 c:/ac6/systemworkbench/plugins/fr.ac6.mcu.externaltools.arm-none.win32_1.16.0.201807130628/tools/compiler/bin/../lib/gcc/arm-none-eabi/7.2.1/thumb/v7e-m/fpv4-sp/hard\libgcc.a(_arm_fixdfsi.o)
 .ARM.attributes
                0x00000ce4       0x22 c:/ac6/systemworkbench/plugins/fr.ac6.mcu.externaltools.arm-none.win32_1.16.0.201807130628/tools/compiler/bin/../lib/gcc/arm-none-eabi/7.2.1/thumb/v7e-m/fpv4-sp/hard\libgcc.a(_arm_fixunsdfsi.o)
 .ARM.attributes
                0x00000d06       0x22 c:/ac6/systemworkbench/plugins/fr.ac6.mcu.externaltools.arm-none.win32_1.16.0.201807130628/tools/compiler/bin/../lib/gcc/arm-none-eabi/7.2.1/thumb/v7e-m/fpv4-sp/hard\libgcc.a(_arm_truncdfsf2.o)
 .ARM.attributes
                0x00000d28       0x22 c:/ac6/systemworkbench/plugins/fr.ac6.mcu.externaltools.arm-none.win32_1.16.0.201807130628/tools/compiler/bin/../lib/gcc/arm-none-eabi/7.2.1/thumb/v7e-m/fpv4-sp/hard\libgcc.a(_aeabi_uldivmod.o)
 .ARM.attributes
                0x00000d4a       0x34 c:/ac6/systemworkbench/plugins/fr.ac6.mcu.externaltools.arm-none.win32_1.16.0.201807130628/tools/compiler/bin/../lib/gcc/arm-none-eabi/7.2.1/thumb/v7e-m/fpv4-sp/hard\libgcc.a(_udivmoddi4.o)
 .ARM.attributes
                0x00000d7e       0x22 c:/ac6/systemworkbench/plugins/fr.ac6.mcu.externaltools.arm-none.win32_1.16.0.201807130628/tools/compiler/bin/../lib/gcc/arm-none-eabi/7.2.1/thumb/v7e-m/fpv4-sp/hard\libgcc.a(_dvmd_tls.o)
 .ARM.attributes
                0x00000da0       0x22 c:/ac6/systemworkbench/plugins/fr.ac6.mcu.externaltools.arm-none.win32_1.16.0.201807130628/tools/compiler/bin/../lib/gcc/arm-none-eabi/7.2.1/thumb/v7e-m/fpv4-sp/hard/crtn.o
OUTPUT(project1.elf elf32-littlearm)

.debug_info     0x00000000     0x8301
 .debug_info    0x00000000      0x54b StdPeriph_Driver/src/misc.o
 .debug_info    0x0000054b      0xc4e StdPeriph_Driver/src/stm32f4xx_adc.o
 .debug_info    0x00001199      0x947 StdPeriph_Driver/src/stm32f4xx_flash.o
 .debug_info    0x00001ae0      0x62b StdPeriph_Driver/src/stm32f4xx_gpio.o
 .debug_info    0x0000210b      0xe67 StdPeriph_Driver/src/stm32f4xx_rcc.o
 .debug_info    0x00002f72      0x9d4 StdPeriph_Driver/src/stm32f4xx_usart.o
 .debug_info    0x00003946     0x1c64 src/main.o
 .debug_info    0x000055aa      0xf2e src/syscalls.o
 .debug_info    0x000064d8      0x612 src/system_stm32f4xx.o
 .debug_info    0x00006aea      0x87d src/tm_stm32f4_gpio.o
 .debug_info    0x00007367      0xf78 src/tm_stm32f4_usart.o
 .debug_info    0x000082df       0x22 startup/startup_stm32.o

.debug_abbrev   0x00000000     0x1659
 .debug_abbrev  0x00000000      0x177 StdPeriph_Driver/src/misc.o
 .debug_abbrev  0x00000177      0x1b0 StdPeriph_Driver/src/stm32f4xx_adc.o
 .debug_abbrev  0x00000327      0x1a3 StdPeriph_Driver/src/stm32f4xx_flash.o
 .debug_abbrev  0x000004ca      0x1bf StdPeriph_Driver/src/stm32f4xx_gpio.o
 .debug_abbrev  0x00000689      0x1d4 StdPeriph_Driver/src/stm32f4xx_rcc.o
 .debug_abbrev  0x0000085d      0x187 StdPeriph_Driver/src/stm32f4xx_usart.o
 .debug_abbrev  0x000009e4      0x44c src/main.o
 .debug_abbrev  0x00000e30      0x2aa src/syscalls.o
 .debug_abbrev  0x000010da      0x15d src/system_stm32f4xx.o
 .debug_abbrev  0x00001237      0x181 src/tm_stm32f4_gpio.o
 .debug_abbrev  0x000013b8      0x28f src/tm_stm32f4_usart.o
 .debug_abbrev  0x00001647       0x12 startup/startup_stm32.o

.debug_aranges  0x00000000      0x9d8
 .debug_aranges
                0x00000000       0x40 StdPeriph_Driver/src/misc.o
 .debug_aranges
                0x00000040      0x148 StdPeriph_Driver/src/stm32f4xx_adc.o
 .debug_aranges
                0x00000188      0x158 StdPeriph_Driver/src/stm32f4xx_flash.o
 .debug_aranges
                0x000002e0       0x88 StdPeriph_Driver/src/stm32f4xx_gpio.o
 .debug_aranges
                0x00000368      0x1c0 StdPeriph_Driver/src/stm32f4xx_rcc.o
 .debug_aranges
                0x00000528      0x100 StdPeriph_Driver/src/stm32f4xx_usart.o
 .debug_aranges
                0x00000628      0x118 src/main.o
 .debug_aranges
                0x00000740       0xb0 src/syscalls.o
 .debug_aranges
                0x000007f0       0x30 src/system_stm32f4xx.o
 .debug_aranges
                0x00000820       0x98 src/tm_stm32f4_gpio.o
 .debug_aranges
                0x000008b8       0xf8 src/tm_stm32f4_usart.o
 .debug_aranges
                0x000009b0       0x28 startup/startup_stm32.o

.debug_ranges   0x00000000      0x980
 .debug_ranges  0x00000000       0x30 StdPeriph_Driver/src/misc.o
 .debug_ranges  0x00000030      0x138 StdPeriph_Driver/src/stm32f4xx_adc.o
 .debug_ranges  0x00000168      0x148 StdPeriph_Driver/src/stm32f4xx_flash.o
 .debug_ranges  0x000002b0       0x78 StdPeriph_Driver/src/stm32f4xx_gpio.o
 .debug_ranges  0x00000328      0x1b0 StdPeriph_Driver/src/stm32f4xx_rcc.o
 .debug_ranges  0x000004d8       0xf0 StdPeriph_Driver/src/stm32f4xx_usart.o
 .debug_ranges  0x000005c8      0x168 src/main.o
 .debug_ranges  0x00000730       0xa0 src/syscalls.o
 .debug_ranges  0x000007d0       0x20 src/system_stm32f4xx.o
 .debug_ranges  0x000007f0       0x88 src/tm_stm32f4_gpio.o
 .debug_ranges  0x00000878       0xe8 src/tm_stm32f4_usart.o
 .debug_ranges  0x00000960       0x20 startup/startup_stm32.o

.debug_macro    0x00000000    0x12561
 .debug_macro   0x00000000      0x1be StdPeriph_Driver/src/misc.o
 .debug_macro   0x000001be      0xa72 StdPeriph_Driver/src/misc.o
 .debug_macro   0x00000c30       0x6b StdPeriph_Driver/src/misc.o
 .debug_macro   0x00000c9b       0x3b StdPeriph_Driver/src/misc.o
 .debug_macro   0x00000cd6       0x22 StdPeriph_Driver/src/misc.o
 .debug_macro   0x00000cf8       0x87 StdPeriph_Driver/src/misc.o
 .debug_macro   0x00000d7f       0x51 StdPeriph_Driver/src/misc.o
 .debug_macro   0x00000dd0       0xef StdPeriph_Driver/src/misc.o
 .debug_macro   0x00000ebf       0x6a StdPeriph_Driver/src/misc.o
 .debug_macro   0x00000f29      0x1df StdPeriph_Driver/src/misc.o
 .debug_macro   0x00001108       0x34 StdPeriph_Driver/src/misc.o
 .debug_macro   0x0000113c       0x26 StdPeriph_Driver/src/misc.o
 .debug_macro   0x00001162      0xe43 StdPeriph_Driver/src/misc.o
 .debug_macro   0x00001fa5     0x91ad StdPeriph_Driver/src/misc.o
 .debug_macro   0x0000b152      0x44f StdPeriph_Driver/src/misc.o
 .debug_macro   0x0000b5a1       0xb2 StdPeriph_Driver/src/misc.o
 .debug_macro   0x0000b653      0x477 StdPeriph_Driver/src/misc.o
 .debug_macro   0x0000baca       0xb5 StdPeriph_Driver/src/misc.o
 .debug_macro   0x0000bb7f      0x41c StdPeriph_Driver/src/misc.o
 .debug_macro   0x0000bf9b      0x2fb StdPeriph_Driver/src/misc.o
 .debug_macro   0x0000c296      0x2ba StdPeriph_Driver/src/misc.o
 .debug_macro   0x0000c550       0x64 StdPeriph_Driver/src/misc.o
 .debug_macro   0x0000c5b4       0xee StdPeriph_Driver/src/misc.o
 .debug_macro   0x0000c6a2      0x65f StdPeriph_Driver/src/misc.o
 .debug_macro   0x0000cd01      0x59e StdPeriph_Driver/src/misc.o
 .debug_macro   0x0000d29f      0x342 StdPeriph_Driver/src/misc.o
 .debug_macro   0x0000d5e1      0x36c StdPeriph_Driver/src/misc.o
 .debug_macro   0x0000d94d      0x114 StdPeriph_Driver/src/misc.o
 .debug_macro   0x0000da61      0x73b StdPeriph_Driver/src/misc.o
 .debug_macro   0x0000e19c      0x223 StdPeriph_Driver/src/misc.o
 .debug_macro   0x0000e3bf       0x34 StdPeriph_Driver/src/misc.o
 .debug_macro   0x0000e3f3      0x144 StdPeriph_Driver/src/misc.o
 .debug_macro   0x0000e537       0xc3 StdPeriph_Driver/src/misc.o
 .debug_macro   0x0000e5fa       0x40 StdPeriph_Driver/src/misc.o
 .debug_macro   0x0000e63a      0x3cf StdPeriph_Driver/src/misc.o
 .debug_macro   0x0000ea09      0x188 StdPeriph_Driver/src/misc.o